[INFO] Scanning for projects...
[INFO] 
[INFO] -------------------< org.mulino:acceptance-harness >--------------------
[INFO] Building acceptance-harness 1.0.0
[INFO]   from pom.xml
[INFO] --------------------------------[ jar ]---------------------------------
[INFO] 
[INFO] --- resources:3.4.0:resources (default-resources) @ acceptance-harness ---
[INFO] skip non existing resourceDirectory /Volumes/VideoStore/Developer/mulino-ontology-step2-review-model-binding/verification/harness/src/main/resources
[INFO] 
[INFO] --- compiler:3.14.1:compile (default-compile) @ acceptance-harness ---
[INFO] Nothing to compile - all classes are up to date.
[INFO] 
[INFO] --- resources:3.4.0:testResources (default-testResources) @ acceptance-harness ---
[INFO] Copying 36 resources from src/test/resources to target/test-classes
[INFO] 
[INFO] --- compiler:3.14.1:testCompile (default-testCompile) @ acceptance-harness ---
[INFO] Nothing to compile - all classes are up to date.
[INFO] 
[INFO] --- surefire:3.5.6:test (default-test) @ acceptance-harness ---
[INFO] Using auto detected provider org.apache.maven.surefire.junitplatform.JUnitPlatformProvider
[INFO] 
[INFO] -------------------------------------------------------
[INFO]  T E S T S
[INFO] -------------------------------------------------------
[INFO] Running org.mulino.verification.modelbinding.ModelBindingFeatureRed
SLF4J(W): No SLF4J providers were found.
SLF4J(W): Defaulting to no-operation (NOP) logger implementation
SLF4J(W): See https://www.slf4j.org/codes.html#noProviders for further details.
[ERROR] Tests run: 1, Failures: 1, Errors: 0, Skipped: 0, Time elapsed: 0.793 s <<< FAILURE! -- in org.mulino.verification.modelbinding.ModelBindingFeatureRed
[ERROR] org.mulino.verification.modelbinding.ModelBindingFeatureRed.executeAllSixtyRealKoreanGherkinScenarios -- Time elapsed: 0.783 s <<< FAILURE!
java.lang.AssertionError: NOT_IMPLEMENTED: 60 substantive scenarios RED; actual model calls 0; product runtime NOT_RUN
	at org.mulino.verification.modelbinding.ModelBindingFeatureRed.executeAllSixtyRealKoreanGherkinScenarios(ModelBindingFeatureRed.java:20)

[INFO] 
[INFO] Results:
[INFO] 
[ERROR] Failures: 
[ERROR]   ModelBindingFeatureRed.executeAllSixtyRealKoreanGherkinScenarios:20 NOT_IMPLEMENTED: 60 substantive scenarios RED; actual model calls 0; product runtime NOT_RUN
[INFO] 
[ERROR] Tests run: 1, Failures: 1, Errors: 0, Skipped: 0
[INFO] 
[INFO] ------------------------------------------------------------------------
[INFO] BUILD FAILURE
[INFO] ------------------------------------------------------------------------
[INFO] Total time:  1.478 s
[INFO] Finished at: 2026-10-08T00:27:57+09:00
[INFO] ------------------------------------------------------------------------
[ERROR] Failed to execute goal org.apache.maven.plugins:maven-surefire-plugin:3.5.6:test (default-test) on project acceptance-harness: There are test failures.
[ERROR] 
[ERROR] See /Volumes/VideoStore/Developer/mulino-ontology-step2-review-model-binding/verification/harness/target/surefire-reports for the individual test results.
[ERROR] See dump files (if any exist) [date].dump, [date]-jvmRun[N].dump and [date].dumpstream.
[ERROR] -> [Help 1]
[ERROR] 
[ERROR] To see the full stack trace of the errors, re-run Maven with the -e switch.
[ERROR] Re-run Maven using the -X switch to enable full debug logging.
[ERROR] 
[ERROR] For more information about the errors and possible solutions, please read the following articles:
[ERROR] [Help 1] http://cwiki.apache.org/confluence/display/MAVEN/MojoFailureException
