[INFO] Scanning for projects...
[INFO] 
[INFO] ------------------------< com.mulino:ontology >-------------------------
[INFO] Building ontology 0.1.0-SNAPSHOT
[INFO]   from pom.xml
[INFO] --------------------------------[ jar ]---------------------------------
[INFO] 
[INFO] --- cds:5.1.1:cds (cds) @ ontology ---
[INFO] CdsMojo: Identified /Volumes/VideoStore/Developer/mulino-ontology-step3-s1-identity/backend as reactor base directory.
[INFO] CdsMojo: Using directory containing a package.json as working directory: /Volumes/VideoStore/Developer/mulino-ontology-step3-s1-identity/backend
[INFO] CdsMojo: Using globally installed npx
[INFO] CdsMojo: Executing [npx, -c, cds version --json] in working directory /Volumes/VideoStore/Developer/mulino-ontology-step3-s1-identity/backend
[INFO] CdsMojo: Using configured working directory: /Volumes/VideoStore/Developer/mulino-ontology-step3-s1-identity/backend
[INFO] CdsMojo: Executing [npx, -c, cds compile srv --to csn --dest src/main/resources/edmx] in working directory /Volumes/VideoStore/Developer/mulino-ontology-step3-s1-identity/backend
[INFO] CdsMojo: /Volumes/VideoStore/Developer/mulino-ontology-step3-s1-identity/backend/src/main/resources/edmx/srv.csn
[INFO] CdsMojo: Executing [npx, -c, cds compile srv --to edmx --dest src/main/resources/edmx] in working directory /Volumes/VideoStore/Developer/mulino-ontology-step3-s1-identity/backend
[INFO] CdsMojo: /Volumes/VideoStore/Developer/mulino-ontology-step3-s1-identity/backend/src/main/resources/edmx/PlatformService.xml
[INFO] 
[INFO] --- antrun:3.2.0:run (default) @ ontology ---
[INFO] Executing tasks
[INFO]      [copy] Copying 1 file to /Volumes/VideoStore/Developer/mulino-ontology-step3-s1-identity/backend/src/main/resources/edmx
[INFO] Executed tasks
[INFO] 
[INFO] --- resources:3.5.0:resources (default-resources) @ ontology ---
[INFO] Copying 4 resources from src/main/resources to target/classes
[INFO] Copying 3 resources from ../database/migrations to target/classes/db/migration
[INFO] 
[INFO] --- compiler:3.15.0:compile (default-compile) @ ontology ---
[INFO] Nothing to compile - all classes are up to date.
[INFO] 
[INFO] --- resources:3.5.0:testResources (default-testResources) @ ontology ---
[INFO] skip non existing resourceDirectory /Volumes/VideoStore/Developer/mulino-ontology-step3-s1-identity/backend/src/test/resources
[INFO] 
[INFO] --- compiler:3.15.0:testCompile (default-testCompile) @ ontology ---
[INFO] Recompiling the module because of changed source code.
[INFO] Compiling 3 source files with javac [debug parameters release 21] to target/test-classes
[INFO] 
[INFO] --- surefire:3.5.6:test (default-test) @ ontology ---
[INFO] Using auto detected provider org.apache.maven.surefire.junitplatform.JUnitPlatformProvider
[INFO] 
[INFO] -------------------------------------------------------
[INFO]  T E S T S
[INFO] -------------------------------------------------------
[INFO] Running com.mulino.application.identity.IdentityAuthorizationTest
Mockito is currently self-attaching to enable the inline-mock-maker. This will no longer work in future releases of the JDK. Please add Mockito as an agent to your build as described in Mockito's documentation: https://javadoc.io/doc/org.mockito/mockito-core/latest/org.mockito/org/mockito/Mockito.html#0.3
WARNING: A Java agent has been loaded dynamically (/Users/n30gu1/.m2/repository/net/bytebuddy/byte-buddy-agent/1.18.11/byte-buddy-agent-1.18.11.jar)
WARNING: If a serviceability tool is in use, please run with -XX:+EnableDynamicAgentLoading to hide this warning
WARNING: If a serviceability tool is not in use, please run with -Djdk.instrument.traceUsage for more information
WARNING: Dynamic loading of agents will be disallowed by default in a future release
OpenJDK 64-Bit Server VM warning: Sharing is only supported for boot loader classes because bootstrap classpath has been appended
[INFO] Tests run: 5, Failures: 0, Errors: 0, Skipped: 0, Time elapsed: 0.546 s -- in com.mulino.application.identity.IdentityAuthorizationTest
[INFO] Running com.mulino.application.identity.IdentityPersistenceTest
02:11:11.700 [main] INFO org.springframework.test.context.support.AnnotationConfigContextLoaderUtils -- Could not detect default configuration classes for test class [com.mulino.application.identity.IdentityPersistenceTest]: IdentityPersistenceTest does not declare any static, non-private, non-final, nested classes annotated with @Configuration.
02:11:11.761 [main] INFO org.springframework.boot.test.context.SpringBootTestContextBootstrapper -- Found @SpringBootConfiguration com.mulino.OntologyApplication for test class com.mulino.application.identity.IdentityPersistenceTest
02:11:11.806 [main] INFO org.springframework.test.context.support.AnnotationConfigContextLoaderUtils -- Could not detect default configuration classes for test class [com.mulino.application.identity.IdentityPersistenceTest]: IdentityPersistenceTest does not declare any static, non-private, non-final, nested classes annotated with @Configuration.
02:11:11.807 [main] INFO org.springframework.boot.test.context.SpringBootTestContextBootstrapper -- Found @SpringBootConfiguration com.mulino.OntologyApplication for test class com.mulino.application.identity.IdentityPersistenceTest
02:11:11.830 [main] INFO org.testcontainers.images.PullPolicy -- Image pull policy will be performed by: DefaultPullPolicy()
02:11:11.831 [main] INFO org.testcontainers.utility.ImageNameSubstitutor -- Image name substitution will be performed by: DefaultImageNameSubstitutor (composite of 'ConfigurationFileImageNameSubstitutor' and 'PrefixingImageNameSubstitutor')
02:11:11.834 [main] INFO org.testcontainers.DockerClientFactory -- Testcontainers version: 2.0.5
02:11:11.960 [main] INFO org.testcontainers.dockerclient.DockerClientProviderStrategy -- Loaded org.testcontainers.dockerclient.UnixSocketClientProviderStrategy from ~/.testcontainers.properties, will try it first
02:11:12.228 [main] INFO org.testcontainers.dockerclient.DockerClientProviderStrategy -- Found Docker environment with local Unix socket (unix:///var/run/docker.sock)
02:11:12.228 [main] INFO org.testcontainers.DockerClientFactory -- Docker host IP address is localhost
02:11:12.237 [main] INFO org.testcontainers.DockerClientFactory -- Connected to docker: 
  Server Version: 29.4.0
  API Version: 1.54
  Operating System: OrbStack
  Total Memory: 8004 MB
02:11:12.249 [main] INFO tc.testcontainers/ryuk:0.14.0 -- Creating container for image: testcontainers/ryuk:0.14.0
02:11:12.286 [main] INFO org.testcontainers.utility.RegistryAuthLocator -- Credential helper/store (docker-credential-osxkeychain) does not have credentials for https://index.docker.io/v1/
02:11:12.375 [main] INFO tc.testcontainers/ryuk:0.14.0 -- Container testcontainers/ryuk:0.14.0 is starting: 97f7e7ef19cf9b9f65335aafd01f58af3e96583e40f5b50a8257a3a55859eca3
02:11:12.576 [main] INFO tc.testcontainers/ryuk:0.14.0 -- Container testcontainers/ryuk:0.14.0 started in PT0.326628S
02:11:12.579 [testcontainers-ryuk] WARN org.testcontainers.utility.RyukResourceReaper -- Can not connect to Ryuk at localhost:32783
java.net.ConnectException: Connection refused
	at java.base/sun.nio.ch.Net.pollConnect(Native Method)
	at java.base/sun.nio.ch.Net.pollConnectNow(Net.java:682)
	at java.base/sun.nio.ch.NioSocketImpl.timedFinishConnect(NioSocketImpl.java:542)
	at java.base/sun.nio.ch.NioSocketImpl.connect(NioSocketImpl.java:592)
	at java.base/java.net.SocksSocketImpl.connect(SocksSocketImpl.java:327)
	at java.base/java.net.Socket.connect(Socket.java:757)
	at org.testcontainers.utility.RyukResourceReaper.lambda$maybeStart$0(RyukResourceReaper.java:92)
	at org.rnorth.ducttape.ratelimits.RateLimiter.doWhenReady(RateLimiter.java:27)
	at org.testcontainers.utility.RyukResourceReaper.lambda$maybeStart$1(RyukResourceReaper.java:88)
	at java.base/java.lang.Thread.run(Thread.java:1583)
02:11:12.849 [main] INFO org.testcontainers.utility.RyukResourceReaper -- Ryuk started - will monitor and terminate Testcontainers containers on JVM exit
02:11:12.849 [main] INFO org.testcontainers.DockerClientFactory -- Checking the system...
02:11:12.850 [main] INFO org.testcontainers.DockerClientFactory -- ✔︎ Docker server version should be at least 1.6.0
02:11:12.859 [main] INFO tc.postgres@sha256:4ef4db... -- Creating container for image: postgres@sha256:4ef4dbc939d61acea57712655ddb4b4ab27419c913f94cca0cd57cb3ea3c2280
02:11:12.910 [main] INFO tc.postgres@sha256:4ef4db... -- Container postgres@sha256:4ef4dbc939d61acea57712655ddb4b4ab27419c913f94cca0cd57cb3ea3c2280 is starting: 00b814b9d5298eb30ec8af1be445458412a62474507b178085e8c66f16f9b05f
02:11:14.181 [main] INFO tc.postgres@sha256:4ef4db... -- Container postgres@sha256:4ef4dbc939d61acea57712655ddb4b4ab27419c913f94cca0cd57cb3ea3c2280 started in PT1.321668S
02:11:14.182 [main] INFO tc.postgres@sha256:4ef4db... -- Container is started (JDBC URL: jdbc:postgresql://localhost:32784/test?loggerLevel=OFF)
   _________    ____         __
  / ____/   |  / __ \       / /___ __   ______ _
 / /   / /| | / /_/ /  __  / / __ `/ | / / __ `/
/ /___/ ___ |/ ____/  / /_/ / /_/ /| |/ / /_/ /
\____/_/  |_/_/       \____/\__,_/ |___/\__,_/      5.1.1

Powered by Spring Boot 4.1.1

2026-10-08T02:11:14.353+09:00  WARN 63148 --- [mulino-ontology] [           main] ory$DuplicateJsonObjectContextCustomizer : 

Found multiple occurrences of org.json.JSONObject on the class path:

	jar:file:/Users/n30gu1/.m2/repository/org/json/json/20260719/json-20260719.jar!/org/json/JSONObject.class
	jar:file:/Users/n30gu1/.m2/repository/com/vaadin/external/google/android-json/0.0.20131108.vaadin1/android-json-0.0.20131108.vaadin1.jar!/org/json/JSONObject.class

You may wish to exclude one of them to ensure predictable runtime behavior

2026-10-08T02:11:14.359+09:00  INFO 63148 --- [mulino-ontology] [           main] c.m.a.identity.IdentityPersistenceTest   : Starting IdentityPersistenceTest using Java 21.0.5 with PID 63148 (started by n30gu1 in /Volumes/VideoStore/Developer/mulino-ontology-step3-s1-identity/backend)
2026-10-08T02:11:14.359+09:00  INFO 63148 --- [mulino-ontology] [           main] c.m.a.identity.IdentityPersistenceTest   : The following 1 profile is active: "local"
2026-10-08T02:11:14.586+09:00  INFO 63148 --- [mulino-ontology] [           main] c.s.c.s.u.t.DevTelemetryConfiguration    : Dev telemetry output enabled
2026-10-08T02:11:14.675+09:00  INFO 63148 --- [mulino-ontology] [           main] c.s.c.services.impl.utils.CdsModelUtils  : Loaded CDS model from CSN resource path 'edmx/csn.json'
2026-10-08T02:11:14.683+09:00  INFO 63148 --- [mulino-ontology] [           main] c.s.c.services.impl.ServiceCatalogImpl   : Registered service OutboxService$InMemory
2026-10-08T02:11:14.684+09:00  INFO 63148 --- [mulino-ontology] [           main] c.s.c.services.impl.ServiceCatalogImpl   : Registered service ApplicationLifecycleService$Default
2026-10-08T02:11:14.684+09:00  INFO 63148 --- [mulino-ontology] [           main] c.s.c.services.impl.ServiceCatalogImpl   : Registered service AuthorizationService$Default
2026-10-08T02:11:14.685+09:00  INFO 63148 --- [mulino-ontology] [           main] c.s.c.services.impl.ServiceCatalogImpl   : Registered service TenantProviderService$Default
2026-10-08T02:11:14.686+09:00  INFO 63148 --- [mulino-ontology] [           main] c.s.c.services.impl.ServiceCatalogImpl   : Registered service DeploymentService$Default
2026-10-08T02:11:14.688+09:00  INFO 63148 --- [mulino-ontology] [           main] c.s.c.services.impl.ServiceCatalogImpl   : Registered service AuditLogService$Default
2026-10-08T02:11:14.695+09:00  INFO 63148 --- [mulino-ontology] [           main] c.s.c.services.impl.ServiceCatalogImpl   : Registered service PlatformService
2026-10-08T02:11:14.695+09:00  INFO 63148 --- [mulino-ontology] [           main] .s.c.r.CdsRuntimeBeanDefinitionRegistrar : Found 'spring.datasource.url' configuration: Auto-configuration of DataSource beans is disabled.
2026-10-08T02:11:14.995+09:00  INFO 63148 --- [mulino-ontology] [           main] com.zaxxer.hikari.HikariDataSource       : HikariPool-1 - Starting...
2026-10-08T02:11:15.087+09:00  INFO 63148 --- [mulino-ontology] [           main] com.zaxxer.hikari.pool.HikariPool        : HikariPool-1 - Added connection org.postgresql.jdbc.PgConnection@18711946
2026-10-08T02:11:15.088+09:00  INFO 63148 --- [mulino-ontology] [           main] com.zaxxer.hikari.HikariDataSource       : HikariPool-1 - Start completed.
2026-10-08T02:11:15.098+09:00  INFO 63148 --- [mulino-ontology] [           main] org.flywaydb.core.FlywayExecutor         : Database: jdbc:postgresql://localhost:32784/test?loggerLevel=OFF (PostgreSQL 18.6)
2026-10-08T02:11:15.125+09:00  INFO 63148 --- [mulino-ontology] [           main] o.f.c.i.s.JdbcTableSchemaHistory         : Schema history table "public"."flyway_schema_history" does not exist yet
2026-10-08T02:11:15.127+09:00  INFO 63148 --- [mulino-ontology] [           main] o.f.core.internal.command.DbValidate     : Successfully validated 3 migrations (execution time 00:00.007s)
2026-10-08T02:11:15.138+09:00  INFO 63148 --- [mulino-ontology] [           main] o.f.c.i.s.JdbcTableSchemaHistory         : Creating Schema History table "public"."flyway_schema_history" ...
2026-10-08T02:11:15.193+09:00  INFO 63148 --- [mulino-ontology] [           main] o.f.core.internal.command.DbMigrate      : Current version of schema "public": << Empty Schema >>
2026-10-08T02:11:15.200+09:00  INFO 63148 --- [mulino-ontology] [           main] o.f.core.internal.command.DbMigrate      : Migrating schema "public" to version "1 - platform"
2026-10-08T02:11:15.223+09:00  INFO 63148 --- [mulino-ontology] [           main] o.f.core.internal.command.DbMigrate      : Migrating schema "public" to version "2 - preserved upgrade"
2026-10-08T02:11:15.231+09:00  INFO 63148 --- [mulino-ontology] [           main] o.f.core.internal.command.DbMigrate      : Migrating schema "public" to version "3 - identity"
2026-10-08T02:11:15.247+09:00  INFO 63148 --- [mulino-ontology] [           main] o.f.core.internal.command.DbMigrate      : Successfully applied 3 migrations to schema "public", now at version v3 (execution time 00:00.027s)
2026-10-08T02:11:15.269+09:00  INFO 63148 --- [mulino-ontology] [           main] c.s.c.services.impl.ServiceCatalogImpl   : Registered service PersistenceService$Default
2026-10-08T02:11:15.465+09:00  INFO 63148 --- [mulino-ontology] [           main] c.s.c.f.s.c.adapter.AdapterBeanFactory   : Servlet CdsODataV4Servlet mapped to /odata/v4
2026-10-08T02:11:15.468+09:00  INFO 63148 --- [mulino-ontology] [           main] c.s.c.f.s.c.adapter.AdapterBeanFactory   : Servlet IndexPageServlet mapped to /
2026-10-08T02:11:15.469+09:00  INFO 63148 --- [mulino-ontology] [           main] c.s.c.f.s.c.adapter.AdapterBeanFactory   : Servlet CdsFioriPreviewServlet mapped to /$fiori-preview
2026-10-08T02:11:15.585+09:00  INFO 63148 --- [mulino-ontology] [           main] c.s.c.s.impl.runtime.CdsRuntimeImpl      : Registered handler class com.mulino.adapters.PlatformCap
2026-10-08T02:11:15.598+09:00  INFO 63148 --- [mulino-ontology] [           main] .s.c.a.o.v.m.p.EdmxProviderConfiguration : Initialized Default EDMX V4 Provider
2026-10-08T02:11:15.599+09:00  INFO 63148 --- [mulino-ontology] [           main] .s.c.a.o.v.m.p.EdmxProviderConfiguration : Initialized Default EDMX I18n Provider
2026-10-08T02:11:15.613+09:00  INFO 63148 --- [mulino-ontology] [           main] c.s.c.s.impl.runtime.CdsRuntimeImpl      : Registered provider class com.mulino.domain.identity.CapIdentityProvider for CdsProvider com.sap.cds.services.runtime.UserInfoProvider
2026-10-08T02:11:15.615+09:00  INFO 63148 --- [mulino-ontology] [           main] c.sap.cds.services.impl.utils.BuildInfo  : git.commit.id: 1f282829429207a6719a6da418f061b6112a51a8
2026-10-08T02:11:15.615+09:00  INFO 63148 --- [mulino-ontology] [           main] c.sap.cds.services.impl.utils.BuildInfo  : maven.version: 5.1.1
2026-10-08T02:11:15.627+09:00  WARN 63148 --- [mulino-ontology] [           main] o.s.core.annotation.MergedAnnotation     : Failed to introspect meta-annotation @ConditionalOnMissingBean on public static org.springframework.beans.factory.config.BeanPostProcessor com.sap.cds.framework.spring.config.runtime.SqliteInitializerConfiguration.sqliteDataSourceInitializer(): java.lang.TypeNotPresentException: Type com.sap.cds.feature.mt.lib.runtime.TenantAwareDataSource not present
2026-10-08T02:11:15.684+09:00  INFO 63148 --- [mulino-ontology] [           main] c.m.a.identity.IdentityPersistenceTest   : Started IdentityPersistenceTest in 1.476 seconds (process running for 4.884)
2026-10-08T02:11:15.776+09:00  INFO 63148 --- [mulino-ontology] [           main] c.s.c.s.u.t.TraceTreeSpanProcessor       : elapsed times (trace 5ce216e7...):     0.00 →   32.50 =   32.50 ms  CQN SELECT Actors
2026-10-08T02:11:15.793+09:00  INFO 63148 --- [mulino-ontology] [           main] c.s.c.s.u.t.TraceTreeSpanProcessor       : elapsed times (trace 69e08173...):     0.00 →    3.86 =    3.86 ms  CQN SELECT ExternalIdentities
2026-10-08T02:11:15.796+09:00  INFO 63148 --- [mulino-ontology] [           main] c.s.c.s.u.t.TraceTreeSpanProcessor       : elapsed times (trace 4a40bac6...):     0.00 →    1.72 =    1.72 ms  CQN SELECT Actors
2026-10-08T02:11:15.798+09:00  INFO 63148 --- [mulino-ontology] [           main] c.s.c.s.u.t.TraceTreeSpanProcessor       : elapsed times (trace a25a9ff1...):     0.00 →    1.69 =    1.69 ms  CQN SELECT Memberships
2026-10-08T02:11:15.800+09:00  INFO 63148 --- [mulino-ontology] [           main] c.s.c.s.u.t.TraceTreeSpanProcessor       : elapsed times (trace a2e193d9...):     0.00 →    1.45 =    1.45 ms  CQN SELECT Memberships
2026-10-08T02:11:15.802+09:00  INFO 63148 --- [mulino-ontology] [           main] c.s.c.s.u.t.TraceTreeSpanProcessor       : elapsed times (trace 9a443dbd...):     0.00 →    1.73 =    1.73 ms  CQN SELECT CapabilityAssignments
2026-10-08T02:11:15.803+09:00  INFO 63148 --- [mulino-ontology] [           main] c.s.c.s.u.t.TraceTreeSpanProcessor       : elapsed times (trace 708767f7...):     0.00 →    1.25 =    1.25 ms  CQN SELECT GrantActions
2026-10-08T02:11:15.805+09:00  INFO 63148 --- [mulino-ontology] [           main] c.s.c.s.u.t.TraceTreeSpanProcessor       : elapsed times (trace 43241b00...):     0.00 →    1.15 =    1.15 ms  CQN SELECT GrantScopes
2026-10-08T02:11:15.807+09:00  INFO 63148 --- [mulino-ontology] [           main] c.s.c.s.u.t.TraceTreeSpanProcessor       : elapsed times (trace e11b76af...):     0.00 →    1.36 =    1.36 ms  CQN SELECT Grants
2026-10-08T02:11:15.808+09:00  INFO 63148 --- [mulino-ontology] [           main] c.s.c.s.u.t.TraceTreeSpanProcessor       : elapsed times (trace c352bd49...):     0.00 →    1.24 =    1.24 ms  CQN SELECT Memberships
2026-10-08T02:11:15.810+09:00  INFO 63148 --- [mulino-ontology] [           main] c.s.c.s.u.t.TraceTreeSpanProcessor       : elapsed times (trace 0b3fc1c9...):     0.00 →    1.44 =    1.44 ms  CQN SELECT CapabilityAssignments
2026-10-08T02:11:15.812+09:00  INFO 63148 --- [mulino-ontology] [           main] c.s.c.s.u.t.TraceTreeSpanProcessor       : elapsed times (trace d4c4a902...):     0.00 →    1.20 =    1.20 ms  CQN SELECT GrantActions
2026-10-08T02:11:15.813+09:00  INFO 63148 --- [mulino-ontology] [           main] c.s.c.s.u.t.TraceTreeSpanProcessor       : elapsed times (trace 979f4d98...):     0.00 →    1.06 =    1.06 ms  CQN SELECT GrantScopes
2026-10-08T02:11:15.815+09:00  INFO 63148 --- [mulino-ontology] [           main] c.s.c.s.u.t.TraceTreeSpanProcessor       : elapsed times (trace 52a28fb7...):     0.00 →    1.32 =    1.32 ms  CQN SELECT Grants
2026-10-08T02:11:15.816+09:00  INFO 63148 --- [mulino-ontology] [           main] c.s.c.s.u.t.TraceTreeSpanProcessor       : elapsed times (trace e2b1a73d...):     0.00 →    1.18 =    1.18 ms  CQN SELECT Memberships
2026-10-08T02:11:15.818+09:00  INFO 63148 --- [mulino-ontology] [           main] c.s.c.s.u.t.TraceTreeSpanProcessor       : elapsed times (trace 76715199...):     0.00 →    1.43 =    1.43 ms  CQN SELECT CapabilityAssignments
2026-10-08T02:11:15.819+09:00  INFO 63148 --- [mulino-ontology] [           main] c.s.c.s.u.t.TraceTreeSpanProcessor       : elapsed times (trace e1cf3e79...):     0.00 →    1.06 =    1.06 ms  CQN SELECT GrantActions
2026-10-08T02:11:15.821+09:00  INFO 63148 --- [mulino-ontology] [           main] c.s.c.s.u.t.TraceTreeSpanProcessor       : elapsed times (trace 8bd34896...):     0.00 →    1.11 =    1.11 ms  CQN SELECT GrantScopes
2026-10-08T02:11:15.823+09:00  INFO 63148 --- [mulino-ontology] [           main] c.s.c.s.u.t.TraceTreeSpanProcessor       : elapsed times (trace 51b33656...):     0.00 →    1.27 =    1.27 ms  CQN SELECT Grants
2026-10-08T02:11:15.824+09:00  INFO 63148 --- [mulino-ontology] [           main] c.s.c.s.u.t.TraceTreeSpanProcessor       : elapsed times (trace 7cecc5ed...):     0.00 →    1.18 =    1.18 ms  CQN SELECT Memberships
2026-10-08T02:11:15.826+09:00  INFO 63148 --- [mulino-ontology] [           main] c.s.c.s.u.t.TraceTreeSpanProcessor       : elapsed times (trace cc3b4253...):     0.00 →    1.40 =    1.40 ms  CQN SELECT CapabilityAssignments
2026-10-08T02:11:15.827+09:00  INFO 63148 --- [mulino-ontology] [           main] c.s.c.s.u.t.TraceTreeSpanProcessor       : elapsed times (trace b178c6ca...):     0.00 →    1.07 =    1.07 ms  CQN SELECT GrantActions
2026-10-08T02:11:15.829+09:00  INFO 63148 --- [mulino-ontology] [           main] c.s.c.s.u.t.TraceTreeSpanProcessor       : elapsed times (trace ec4fc85a...):     0.00 →    1.03 =    1.03 ms  CQN SELECT GrantScopes
2026-10-08T02:11:15.831+09:00  INFO 63148 --- [mulino-ontology] [           main] c.s.c.s.u.t.TraceTreeSpanProcessor       : elapsed times (trace cdb6129c...):     0.00 →    1.28 =    1.28 ms  CQN SELECT Grants
2026-10-08T02:11:15.833+09:00  INFO 63148 --- [mulino-ontology] [           main] c.s.c.s.u.t.TraceTreeSpanProcessor       : elapsed times (trace f37e6b2f...):     0.00 →    1.13 =    1.13 ms  CQN SELECT Memberships
2026-10-08T02:11:15.834+09:00  INFO 63148 --- [mulino-ontology] [           main] c.s.c.s.u.t.TraceTreeSpanProcessor       : elapsed times (trace 040c103b...):     0.00 →    1.29 =    1.29 ms  CQN SELECT CapabilityAssignments
2026-10-08T02:11:15.835+09:00  INFO 63148 --- [mulino-ontology] [           main] c.s.c.s.u.t.TraceTreeSpanProcessor       : elapsed times (trace 6bc6d6ae...):     0.00 →    0.89 =    0.89 ms  CQN SELECT GrantActions
2026-10-08T02:11:15.837+09:00  INFO 63148 --- [mulino-ontology] [           main] c.s.c.s.u.t.TraceTreeSpanProcessor       : elapsed times (trace 84596c79...):     0.00 →    1.01 =    1.01 ms  CQN SELECT GrantScopes
2026-10-08T02:11:15.838+09:00  INFO 63148 --- [mulino-ontology] [           main] c.s.c.s.u.t.TraceTreeSpanProcessor       : elapsed times (trace a793f7c8...):     0.00 →    1.20 =    1.20 ms  CQN SELECT Grants
[INFO] Tests run: 2, Failures: 0, Errors: 0, Skipped: 0, Time elapsed: 4.208 s -- in com.mulino.application.identity.IdentityPersistenceTest
[INFO] 
[INFO] Results:
[INFO] 
[INFO] Tests run: 7, Failures: 0, Errors: 0, Skipped: 0
[INFO] 
[INFO] ------------------------------------------------------------------------
[INFO] BUILD SUCCESS
[INFO] ------------------------------------------------------------------------
[INFO] Total time:  7.597 s
[INFO] Finished at: 2026-10-08T02:11:15+09:00
[INFO] ------------------------------------------------------------------------
