[INFO] Scanning for projects...
[INFO] 
[INFO] ------------------------< com.mulino:ontology >-------------------------
[INFO] Building ontology 0.1.0-SNAPSHOT
[INFO]   from pom.xml
[INFO] --------------------------------[ jar ]---------------------------------
[INFO] 
[INFO] --- cds:5.1.1:cds (cds) @ ontology ---
[INFO] CdsMojo: Identified /Volumes/VideoStore/Developer/mulino-ontology-step3-s1-identity/backend as reactor base directory.
[INFO] CdsMojo: Using directory containing a package.json as working directory: /Volumes/VideoStore/Developer/mulino-ontology-step3-s1-identity/backend
[INFO] CdsMojo: Using globally installed npx
[INFO] CdsMojo: Executing [npx, -c, cds version --json] in working directory /Volumes/VideoStore/Developer/mulino-ontology-step3-s1-identity/backend
[INFO] CdsMojo: Using configured working directory: /Volumes/VideoStore/Developer/mulino-ontology-step3-s1-identity/backend
[INFO] CdsMojo: Executing [npx, -c, cds compile srv --to csn --dest src/main/resources/edmx] in working directory /Volumes/VideoStore/Developer/mulino-ontology-step3-s1-identity/backend
[INFO] CdsMojo: /Volumes/VideoStore/Developer/mulino-ontology-step3-s1-identity/backend/src/main/resources/edmx/srv.csn
[INFO] CdsMojo: Executing [npx, -c, cds compile srv --to edmx --dest src/main/resources/edmx] in working directory /Volumes/VideoStore/Developer/mulino-ontology-step3-s1-identity/backend
[INFO] CdsMojo: /Volumes/VideoStore/Developer/mulino-ontology-step3-s1-identity/backend/src/main/resources/edmx/PlatformService.xml
[INFO] 
[INFO] --- antrun:3.2.0:run (default) @ ontology ---
[INFO] Executing tasks
[INFO]      [copy] Copying 1 file to /Volumes/VideoStore/Developer/mulino-ontology-step3-s1-identity/backend/src/main/resources/edmx
[INFO] Executed tasks
[INFO] 
[INFO] --- resources:3.5.0:resources (default-resources) @ ontology ---
[INFO] Copying 4 resources from src/main/resources to target/classes
[INFO] Copying 3 resources from ../database/migrations to target/classes/db/migration
[INFO] 
[INFO] --- compiler:3.15.0:compile (default-compile) @ ontology ---
[INFO] Nothing to compile - all classes are up to date.
[INFO] 
[INFO] --- resources:3.5.0:testResources (default-testResources) @ ontology ---
[INFO] skip non existing resourceDirectory /Volumes/VideoStore/Developer/mulino-ontology-step3-s1-identity/backend/src/test/resources
[INFO] 
[INFO] --- compiler:3.15.0:testCompile (default-testCompile) @ ontology ---
[INFO] Recompiling the module because of changed source code.
[INFO] Compiling 3 source files with javac [debug parameters release 21] to target/test-classes
[INFO] -------------------------------------------------------------
[ERROR] COMPILATION ERROR : 
[INFO] -------------------------------------------------------------
[ERROR] /Volumes/VideoStore/Developer/mulino-ontology-step3-s1-identity/backend/src/test/java/com/mulino/application/identity/IdentityPersistenceTest.java:[58,29] reference to run is ambiguous
  both method <T>run(java.util.function.Function<com.sap.cds.services.request.RequestContext,T>) in com.sap.cds.services.runtime.RequestContextRunner and method run(java.util.function.Consumer<com.sap.cds.services.request.RequestContext>) in com.sap.cds.services.runtime.RequestContextRunner match
[ERROR] /Volumes/VideoStore/Developer/mulino-ontology-step3-s1-identity/backend/src/test/java/com/mulino/application/identity/IdentityPersistenceTest.java:[58,33] incompatible types: inference variable T has incompatible bounds
    upper bounds: java.lang.Object
    lower bounds: void
[INFO] 2 errors 
[INFO] -------------------------------------------------------------
[INFO] ------------------------------------------------------------------------
[INFO] BUILD FAILURE
[INFO] ------------------------------------------------------------------------
[INFO] Total time:  2.587 s
[INFO] Finished at: 2026-10-08T02:10:47+09:00
[INFO] ------------------------------------------------------------------------
[ERROR] Failed to execute goal org.apache.maven.plugins:maven-compiler-plugin:3.15.0:testCompile (default-testCompile) on project ontology: Compilation failure: Compilation failure: 
[ERROR] /Volumes/VideoStore/Developer/mulino-ontology-step3-s1-identity/backend/src/test/java/com/mulino/application/identity/IdentityPersistenceTest.java:[58,29] reference to run is ambiguous
[ERROR]   both method <T>run(java.util.function.Function<com.sap.cds.services.request.RequestContext,T>) in com.sap.cds.services.runtime.RequestContextRunner and method run(java.util.function.Consumer<com.sap.cds.services.request.RequestContext>) in com.sap.cds.services.runtime.RequestContextRunner match
[ERROR] /Volumes/VideoStore/Developer/mulino-ontology-step3-s1-identity/backend/src/test/java/com/mulino/application/identity/IdentityPersistenceTest.java:[58,33] incompatible types: inference variable T has incompatible bounds
[ERROR]     upper bounds: java.lang.Object
[ERROR]     lower bounds: void
[ERROR] -> [Help 1]
[ERROR] 
[ERROR] To see the full stack trace of the errors, re-run Maven with the -e switch.
[ERROR] Re-run Maven using the -X switch to enable full debug logging.
[ERROR] 
[ERROR] For more information about the errors and possible solutions, please read the following articles:
[ERROR] [Help 1] http://cwiki.apache.org/confluence/display/MAVEN/MojoFailureException
