[INFO] Scanning for projects...
[INFO]
[INFO] ------------------< research.local:resolution-probe >-------------------
[INFO] Building resolution-probe 1
[INFO]   from pom.xml
[INFO] --------------------------------[ jar ]---------------------------------
[INFO]
[INFO] --- dependency:3.10.0:resolve (default-cli) @ resolution-probe ---
[INFO]
[INFO] The following files have been resolved:
[INFO]    com.sap.cds:cds-starter-spring-boot-odata:jar:5.1.1:compile -- module cds.starter.spring.boot.odata (auto)
[INFO]    com.sap.cds:cds-starter-spring-boot:jar:5.1.1:compile -- module cds.starter.spring.boot (auto)
[INFO]    com.sap.cds:cds-services-impl:jar:5.1.1:runtime -- module cds.services.impl (auto)
[INFO]    com.sap.cds:cds-services-messaging:jar:5.1.1:runtime -- module cds.services.messaging (auto)
[INFO]    jakarta.jms:jakarta.jms-api:jar:3.1.0:runtime -- module jakarta.messaging
[INFO]    com.sap.cds:cds4j-cql:jar:5.1.1:runtime -- module cds4j.cql (auto)
[INFO]    org.antlr:antlr4-runtime:jar:4.13.2:runtime -- module org.antlr.antlr4.runtime [auto]
[INFO]    com.sap.cloud.environment.servicebinding.api:java-access-api:jar:0.31.0:compile -- module java.access.api (auto)
[INFO]    org.apache.commons:commons-csv:jar:1.14.1:runtime -- module org.apache.commons.csv
[INFO]    com.cronutils:cron-utils:jar:9.2.1:runtime -- module com.cronutils [auto]
[INFO]    com.sap.cds:cds-feature-jdbc:jar:5.1.1:runtime -- module cds.feature.jdbc (auto)
[INFO]    com.sap.cds:cds4j-tx:jar:5.1.1:runtime -- module cds4j.tx (auto)
[INFO]    com.sap.cds:cds-framework-spring-boot:jar:5.1.1:runtime -- module cds.framework.spring.boot (auto)
[INFO]    org.springframework.boot:spring-boot-starter-web:jar:4.1.1:compile -- module spring.boot.starter.web [auto]
[INFO]    org.yaml:snakeyaml:jar:2.6:compile -- module org.yaml.snakeyaml
[INFO]    com.sap.cds:cds-adapter-odata-v4:jar:5.1.1:runtime -- module cds.adapter.odata.v4 (auto)
[INFO]    com.sap.cds:cds-adapter-api:jar:5.1.1:compile -- module cds.adapter.api (auto)
[INFO]    com.sap.cds:cds4j-core:jar:5.1.1:compile -- module cds4j.core (auto)
[INFO]    org.slf4j:slf4j-api:jar:2.0.18:compile -- module org.slf4j
[INFO]    com.google.guava:guava:jar:33.7.1-jre:compile -- module com.google.common
[INFO]    com.google.guava:failureaccess:jar:1.0.3:compile -- module com.google.common.util.concurrent.internal
[INFO]    com.google.guava:listenablefuture:jar:9999.0-empty-to-avoid-conflict-with-guava:compile -- module listenablefuture (auto)
[INFO]    org.jspecify:jspecify:jar:1.0.1:compile -- module org.jspecify
[INFO]    com.google.errorprone:error_prone_annotations:jar:2.50.0:compile -- module com.google.errorprone.annotations
[INFO]    com.google.j2objc:j2objc-annotations:jar:3.1:compile -- module com.google.j2objc.annotations
[INFO]    com.fasterxml.jackson.dataformat:jackson-dataformat-xml:jar:2.21.5:runtime -- module com.fasterxml.jackson.dataformat.xml
[INFO]    com.fasterxml.jackson.core:jackson-core:jar:2.21.5:compile -- module com.fasterxml.jackson.core
[INFO]    com.fasterxml.jackson.core:jackson-annotations:jar:2.21:compile -- module com.fasterxml.jackson.annotation
[INFO]    org.codehaus.woodstox:stax2-api:jar:4.2.2:runtime -- module org.codehaus.stax2
[INFO]    com.fasterxml:aalto-xml:jar:1.4.0:runtime -- module com.fasterxml.aalto
[INFO]    com.sap.cds:cds-feature-postgresql:jar:5.1.1:compile -- module cds.feature.postgresql (auto)
[INFO]    com.sap.cds:cds-services-api:jar:5.1.1:compile -- module cds.services.api (auto)
[INFO]    com.sap.cds:cds4j-api:jar:5.1.1:compile -- module cds4j.api (auto)
[INFO]    com.sap.cloud.environment.servicebinding.api:java-core-api:jar:0.31.0:compile -- module java.core.api (auto)
[INFO]    com.sap.cds:cds-services-utils:jar:5.1.1:compile -- module cds.services.utils (auto)
[INFO]    com.sap.cds:cds4j-runtime:jar:5.1.1:compile -- module cds4j.runtime (auto)
[INFO]    com.sap.cds:cds4j-jdbc-spi:jar:5.1.1:compile -- module cds4j.jdbc.spi (auto)
[INFO]    com.sap.cloud.sdk.cloudplatform:connectivity-oauth:jar:5.33.0:compile -- module connectivity.oauth (auto)
[INFO]    com.sap.cloud.sdk.cloudplatform:cloudplatform-core:jar:5.33.0:compile -- module cloudplatform.core (auto)
[INFO]    com.sap.cloud.sdk.cloudplatform:cloudplatform-connectivity:jar:5.33.0:compile -- module cloudplatform.connectivity (auto)
[INFO]    com.sap.cloud.sdk.cloudplatform:resilience-api:jar:5.33.0:compile -- module resilience.api (auto)
[INFO]    com.mikesamuel:json-sanitizer:jar:1.2.3:compile -- module json.sanitizer (auto)
[INFO]    org.bouncycastle:bcprov-jdk18on:jar:1.85:compile -- module org.bouncycastle.provider
[INFO]    org.bouncycastle:bcpkix-jdk18on:jar:1.85:compile -- module org.bouncycastle.pkix
[INFO]    org.bouncycastle:bcutil-jdk18on:jar:1.85:compile -- module org.bouncycastle.util
[INFO]    com.sap.cloud.sdk.cloudplatform:security:jar:5.33.0:compile -- module security (auto)
[INFO]    com.sap.cloud.sdk.cloudplatform:tenant:jar:5.33.0:compile -- module tenant (auto)
[INFO]    com.sap.cloud.sdk.cloudplatform:caching:jar:5.33.0:compile -- module caching (auto)
[INFO]    com.sap.cloud.environment.servicebinding.api:java-consumption-api:jar:0.31.0:compile -- module java.consumption.api (auto)
[INFO]    com.sap.cloud.security.xsuaa:token-client:jar:4.0.8:compile -- module token.client (auto)
[INFO]    com.sap.cloud.sdk.cloudplatform:resilience:jar:5.33.0:compile -- module resilience (auto)
[INFO]    com.sap.cloud.sdk.cloudplatform:resilience4j:jar:5.33.0:compile -- module resilience4j (auto)
[INFO]    io.github.resilience4j:resilience4j-core:jar:2.4.0:compile -- module io.github.resilience4j.core [auto]
[INFO]    io.github.resilience4j:resilience4j-circuitbreaker:jar:2.4.0:compile -- module io.github.resilience4j.circuitbreaker [auto]
[INFO]    io.github.resilience4j:resilience4j-bulkhead:jar:2.4.0:compile -- module io.github.resilience4j.bulkhead [auto]
[INFO]    io.github.resilience4j:resilience4j-timelimiter:jar:2.4.0:compile -- module io.github.resilience4j.timelimiter [auto]
[INFO]    io.github.resilience4j:resilience4j-retry:jar:2.4.0:compile -- module io.github.resilience4j.retry [auto]
[INFO]    io.github.resilience4j:resilience4j-ratelimiter:jar:2.4.0:compile -- module io.github.resilience4j.ratelimiter [auto]
[INFO]    javax.cache:cache-api:jar:1.1.1:compile -- module cache.api (auto)
[INFO]    com.sap.cloud.security:java-api:jar:4.0.8:compile -- module java.api (auto)
[INFO]    org.apache.httpcomponents:httpcore:jar:4.4.16:compile -- module org.apache.httpcomponents.httpcore [auto]
[INFO]    org.slf4j:jcl-over-slf4j:jar:2.0.18:runtime -- module org.apache.commons.logging
[INFO]    com.auth0:java-jwt:jar:4.6.0:compile -- module com.auth0.jwt
[INFO]    io.vavr:vavr:jar:1.0.1:compile -- module io.vavr
[INFO]    io.vavr:vavr-match:jar:1.0.0:compile -- module io.vavr.match
[INFO]    org.json:json:jar:20260719:compile -- module org.json
[INFO]    org.apache.httpcomponents:httpclient:jar:4.5.14:compile -- module org.apache.httpcomponents.httpclient [auto]
[INFO]    org.apache.httpcomponents.client5:httpclient5:jar:5.6.4:compile -- module org.apache.httpcomponents.client5.httpclient5 [auto]
[INFO]    org.apache.httpcomponents.core5:httpcore5-h2:jar:5.4.3:compile -- module org.apache.httpcomponents.core5.httpcore5.h2 [auto]
[INFO]    org.apache.httpcomponents.core5:httpcore5:jar:5.4.3:compile -- module org.apache.httpcomponents.core5.httpcore5 [auto]
[INFO]    com.sap.cloud.security:java-security:jar:4.0.8:runtime -- module java.security (auto)
[INFO]    com.sap.cloud.security:env:jar:4.0.8:runtime -- module env (auto)
[INFO]    com.sap.cloud.environment.servicebinding:java-sap-vcap-services:jar:0.31.0:runtime -- module java.sap.vcap.services (auto)
[INFO]    com.sap.cloud.environment.servicebinding:java-sap-service-operator:jar:0.31.0:runtime -- module java.sap.service.operator (auto)
[INFO]    com.sap.cloud.sdk.cloudplatform:connectivity-apache-httpclient5:jar:5.33.0:compile -- module connectivity.apache.httpclient5 (auto)
[INFO]    commons-io:commons-io:jar:2.22.0:compile -- module org.apache.commons.io
[INFO]    io.opentelemetry:opentelemetry-api:jar:1.62.0:compile -- module io.opentelemetry.api [auto]
[INFO]    io.opentelemetry:opentelemetry-context:jar:1.62.0:compile -- module io.opentelemetry.context [auto]
[INFO]    io.opentelemetry:opentelemetry-common:jar:1.62.0:compile -- module io.opentelemetry.common [auto]
[INFO]    io.opentelemetry:opentelemetry-sdk:jar:1.62.0:compile -- module io.opentelemetry.sdk [auto]
[INFO]    io.opentelemetry:opentelemetry-sdk-common:jar:1.62.0:compile -- module io.opentelemetry.sdk.common [auto]
[INFO]    io.opentelemetry:opentelemetry-sdk-trace:jar:1.62.0:compile -- module io.opentelemetry.sdk.trace [auto]
[INFO]    io.opentelemetry:opentelemetry-sdk-metrics:jar:1.62.0:compile -- module io.opentelemetry.sdk.metrics [auto]
[INFO]    io.opentelemetry:opentelemetry-sdk-logs:jar:1.62.0:compile -- module io.opentelemetry.sdk.logs [auto]
[INFO]    com.fasterxml.jackson.core:jackson-databind:jar:2.21.5:compile -- module com.fasterxml.jackson.databind
[INFO]    org.apache.commons:commons-lang3:jar:3.20.0:compile -- module org.apache.commons.lang3
[INFO]    com.github.ben-manes.caffeine:caffeine:jar:3.2.4:compile -- module com.github.benmanes.caffeine
[INFO]    org.postgresql:postgresql:jar:42.7.13:compile -- module org.postgresql.jdbc [auto]
[INFO]    org.checkerframework:checker-qual:jar:3.55.1:runtime -- module org.checkerframework.checker.qual
[INFO]    org.springframework.boot:spring-boot-starter-flyway:jar:4.1.1:compile -- module spring.boot.starter.flyway [auto]
[INFO]    org.springframework.boot:spring-boot-starter:jar:4.1.1:compile -- module spring.boot.starter [auto]
[INFO]    org.springframework.boot:spring-boot-starter-logging:jar:4.1.1:compile -- module spring.boot.starter.logging [auto]
[INFO]    ch.qos.logback:logback-classic:jar:1.5.38:compile -- module ch.qos.logback.classic
[INFO]    ch.qos.logback:logback-core:jar:1.5.38:compile -- module ch.qos.logback.core
[INFO]    org.apache.logging.log4j:log4j-to-slf4j:jar:2.25.5:compile -- module org.apache.logging.log4j.to.slf4j
[INFO]    org.apache.logging.log4j:log4j-api:jar:2.25.5:compile -- module org.apache.logging.log4j
[INFO]    org.slf4j:jul-to-slf4j:jar:2.0.18:compile -- module jul.to.slf4j
[INFO]    jakarta.annotation:jakarta.annotation-api:jar:3.0.0:compile -- module jakarta.annotation
[INFO]    org.springframework.boot:spring-boot-starter-jdbc:jar:4.1.1:compile -- module spring.boot.starter.jdbc [auto]
[INFO]    com.zaxxer:HikariCP:jar:7.0.2:compile -- module com.zaxxer.hikari
[INFO]    org.springframework.boot:spring-boot-flyway:jar:4.1.1:compile -- module spring.boot.flyway [auto]
[INFO]    org.springframework.boot:spring-boot:jar:4.1.1:compile -- module spring.boot [auto]
[INFO]    org.springframework:spring-context:jar:7.0.9:compile -- module spring.context [auto]
[INFO]    org.springframework:spring-aop:jar:7.0.9:compile -- module spring.aop [auto]
[INFO]    org.springframework:spring-expression:jar:7.0.9:compile -- module spring.expression [auto]
[INFO]    org.springframework.boot:spring-boot-jdbc:jar:4.1.1:compile -- module spring.boot.jdbc [auto]
[INFO]    org.springframework.boot:spring-boot-sql:jar:4.1.1:compile -- module spring.boot.sql [auto]
[INFO]    org.springframework.boot:spring-boot-transaction:jar:4.1.1:compile -- module spring.boot.transaction [auto]
[INFO]    org.springframework.boot:spring-boot-persistence:jar:4.1.1:compile -- module spring.boot.persistence [auto]
[INFO]    org.springframework:spring-tx:jar:7.0.9:compile -- module spring.tx [auto]
[INFO]    org.springframework:spring-jdbc:jar:7.0.9:compile -- module spring.jdbc [auto]
[INFO]    org.springframework:spring-beans:jar:7.0.9:compile -- module spring.beans [auto]
[INFO]    org.flywaydb:flyway-database-postgresql:jar:12.4.0:compile -- module flyway.database.postgresql (auto)
[INFO]    org.flywaydb:flyway-core:jar:12.4.0:compile -- module flyway.core (auto)
[INFO]    tools.jackson.core:jackson-databind:jar:3.1.5:compile -- module tools.jackson.databind
[INFO]    tools.jackson.core:jackson-core:jar:3.1.5:compile -- module tools.jackson.core
[INFO]    org.springframework.boot:spring-boot-starter-webmvc-test:jar:4.1.1:test -- module spring.boot.starter.webmvc.test [auto]
[INFO]    org.springframework.boot:spring-boot-starter-jackson-test:jar:4.1.1:test -- module spring.boot.starter.jackson.test [auto]
[INFO]    org.springframework.boot:spring-boot-starter-jackson:jar:4.1.1:compile -- module spring.boot.starter.jackson [auto]
[INFO]    org.springframework.boot:spring-boot-jackson:jar:4.1.1:compile -- module spring.boot.jackson [auto]
[INFO]    org.springframework.boot:spring-boot-starter-test:jar:4.1.1:test -- module spring.boot.starter.test [auto]
[INFO]    org.springframework.boot:spring-boot-test:jar:4.1.1:test -- module spring.boot.test [auto]
[INFO]    org.springframework.boot:spring-boot-test-autoconfigure:jar:4.1.1:test -- module spring.boot.test.autoconfigure [auto]
[INFO]    com.jayway.jsonpath:json-path:jar:2.10.0:test -- module json.path [auto]
[INFO]    jakarta.xml.bind:jakarta.xml.bind-api:jar:4.0.5:test -- module jakarta.xml.bind
[INFO]    jakarta.activation:jakarta.activation-api:jar:2.1.4:test -- module jakarta.activation
[INFO]    net.minidev:json-smart:jar:2.6.0:test -- module json.smart (auto)
[INFO]    net.minidev:accessors-smart:jar:2.6.0:test -- module accessors.smart (auto)
[INFO]    org.ow2.asm:asm:jar:9.7.1:test -- module org.objectweb.asm
[INFO]    org.assertj:assertj-core:jar:3.27.7:test -- module org.assertj.core
[INFO]    net.bytebuddy:byte-buddy:jar:1.18.11:runtime -- module net.bytebuddy
[INFO]    org.awaitility:awaitility:jar:4.3.0:test -- module awaitility (auto)
[INFO]    org.hamcrest:hamcrest:jar:3.0:test -- module org.hamcrest [auto]
[INFO]    org.junit.jupiter:junit-jupiter:jar:6.0.3:test -- module org.junit.jupiter
[INFO]    org.junit.jupiter:junit-jupiter-api:jar:6.0.3:test -- module org.junit.jupiter.api
[INFO]    org.opentest4j:opentest4j:jar:1.3.0:test -- module org.opentest4j
[INFO]    org.junit.platform:junit-platform-commons:jar:6.0.3:test -- module org.junit.platform.commons
[INFO]    org.apiguardian:apiguardian-api:jar:1.1.2:test -- module org.apiguardian.api
[INFO]    org.junit.jupiter:junit-jupiter-params:jar:6.0.3:test -- module org.junit.jupiter.params
[INFO]    org.junit.jupiter:junit-jupiter-engine:jar:6.0.3:test -- module org.junit.jupiter.engine
[INFO]    org.junit.platform:junit-platform-engine:jar:6.0.3:test -- module org.junit.platform.engine
[INFO]    org.mockito:mockito-core:jar:5.23.0:runtime -- module org.mockito
[INFO]    net.bytebuddy:byte-buddy-agent:jar:1.18.11:runtime -- module net.bytebuddy.agent
[INFO]    org.objenesis:objenesis:jar:3.3:runtime -- module org.objenesis [auto]
[INFO]    org.mockito:mockito-junit-jupiter:jar:5.23.0:test -- module org.mockito.junit.jupiter
[INFO]    org.skyscreamer:jsonassert:jar:1.5.3:test -- module jsonassert (auto)
[INFO]    com.vaadin.external.google:android-json:jar:0.0.20131108.vaadin1:test -- module android.json (auto)
[INFO]    org.springframework:spring-core:jar:7.0.9:compile -- module spring.core [auto]
[INFO]    commons-logging:commons-logging:jar:1.3.6:compile -- module org.apache.commons.logging
[INFO]    org.springframework:spring-test:jar:7.0.9:test -- module spring.test [auto]
[INFO]    org.xmlunit:xmlunit-core:jar:2.11.0:test -- module org.xmlunit [auto]
[INFO]    org.springframework.boot:spring-boot-starter-webmvc:jar:4.1.1:test -- module spring.boot.starter.webmvc [auto]
[INFO]    org.springframework.boot:spring-boot-starter-tomcat:jar:4.1.1:compile -- module spring.boot.starter.tomcat [auto]
[INFO]    org.springframework.boot:spring-boot-starter-tomcat-runtime:jar:4.1.1:compile -- module spring.boot.starter.tomcat.runtime [auto]
[INFO]    org.apache.tomcat.embed:tomcat-embed-core:jar:11.0.24:compile -- module org.apache.tomcat.embed.core
[INFO]    org.apache.tomcat.embed:tomcat-embed-el:jar:11.0.24:compile -- module org.apache.tomcat.embed.el
[INFO]    org.apache.tomcat.embed:tomcat-embed-websocket:jar:11.0.24:compile -- module org.apache.tomcat.embed.websocket
[INFO]    org.springframework.boot:spring-boot-tomcat:jar:4.1.1:compile -- module spring.boot.tomcat [auto]
[INFO]    org.springframework.boot:spring-boot-http-converter:jar:4.1.1:compile -- module spring.boot.http.converter [auto]
[INFO]    org.springframework.boot:spring-boot-webmvc:jar:4.1.1:compile -- module spring.boot.webmvc [auto]
[INFO]    org.springframework.boot:spring-boot-servlet:jar:4.1.1:compile -- module spring.boot.servlet [auto]
[INFO]    org.springframework:spring-webmvc:jar:7.0.9:compile -- module spring.webmvc [auto]
[INFO]    org.springframework.boot:spring-boot-webmvc-test:jar:4.1.1:test -- module spring.boot.webmvc.test [auto]
[INFO]    org.springframework.boot:spring-boot-web-server:jar:4.1.1:compile -- module spring.boot.web.server [auto]
[INFO]    org.springframework.boot:spring-boot-resttestclient:jar:4.1.1:test -- module spring.boot.resttestclient [auto]
[INFO]    org.springframework:spring-web:jar:7.0.9:compile -- module spring.web [auto]
[INFO]    io.micrometer:micrometer-observation:jar:1.17.1:compile -- module micrometer.observation [auto]
[INFO]    io.micrometer:micrometer-commons:jar:1.17.1:compile -- module micrometer.commons [auto]
[INFO]    org.springframework.boot:spring-boot-testcontainers:jar:4.1.1:test -- module spring.boot.testcontainers [auto]
[INFO]    org.springframework.boot:spring-boot-autoconfigure:jar:4.1.1:compile -- module spring.boot.autoconfigure [auto]
[INFO]    org.testcontainers:testcontainers:jar:2.0.5:test -- module testcontainers (auto)
[INFO]    org.apache.commons:commons-compress:jar:1.28.0:test -- module org.apache.commons.compress
[INFO]    commons-codec:commons-codec:jar:1.21.0:compile -- module org.apache.commons.codec
[INFO]    org.rnorth.duct-tape:duct-tape:jar:1.0.8:test -- module duct.tape (auto)
[INFO]    org.jetbrains:annotations:jar:17.0.0:test -- module org.jetbrains.annotations [auto]
[INFO]    com.github.docker-java:docker-java-api:jar:3.7.1:test -- module com.github.dockerjava.api [auto]
[INFO]    com.github.docker-java:docker-java-transport-zerodep:jar:3.7.1:test -- module com.github.dockerjava.transport.zerodep [auto]
[INFO]    com.github.docker-java:docker-java-transport:jar:3.7.1:test -- module com.github.dockerjava.transport [auto]
[INFO]    net.java.dev.jna:jna:jar:5.18.1:test -- module com.sun.jna [auto]
[INFO]    org.testcontainers:testcontainers-junit-jupiter:jar:2.0.5:test -- module testcontainers.junit.jupiter (auto)
[INFO]    org.testcontainers:testcontainers-postgresql:jar:2.0.5:test -- module testcontainers.postgresql (auto)
[INFO]    org.testcontainers:testcontainers-jdbc:jar:2.0.5:test -- module testcontainers.jdbc (auto)
[INFO]    org.testcontainers:testcontainers-database-commons:jar:2.0.5:test -- module testcontainers.database.commons (auto)
[INFO]
[INFO] ------------------------------------------------------------------------
[INFO] BUILD SUCCESS
[INFO] ------------------------------------------------------------------------
[INFO] Total time:  14.931 s
[INFO] Finished at: 2026-10-07T21:11:14+09:00
[INFO] ------------------------------------------------------------------------
