   _________    ____         __
  / ____/   |  / __ \       / /___ __   ______ _
 / /   / /| | / /_/ /  __  / / __ `/ | / / __ `/
/ /___/ ___ |/ ____/  / /_/ / /_/ /| |/ / /_/ /
\____/_/  |_/_/       \____/\__,_/ |___/\__,_/      5.1.1

Powered by Spring Boot 4.1.1

2026-10-08T01:42:16.897+09:00  INFO 42522 --- [mulino-ontology] [           main] com.mulino.OntologyApplication           : Starting OntologyApplication v0.1.0-SNAPSHOT using Java 21.0.5 with PID 42522 (/Volumes/VideoStore/Developer/mulino-ontology-step3-s0-platform/backend/target/ontology-0.1.0-SNAPSHOT.jar started by n30gu1 in /Volumes/VideoStore/Developer/mulino-ontology-step3-s0-platform)
2026-10-08T01:42:16.898+09:00  INFO 42522 --- [mulino-ontology] [           main] com.mulino.OntologyApplication           : The following 1 profile is active: "local"
2026-10-08T01:42:17.237+09:00  INFO 42522 --- [mulino-ontology] [           main] c.s.c.s.u.t.DevTelemetryConfiguration    : Dev telemetry output enabled
2026-10-08T01:42:17.356+09:00  INFO 42522 --- [mulino-ontology] [           main] c.s.c.services.impl.utils.CdsModelUtils  : Loaded CDS model from CSN resource path 'edmx/csn.json'
2026-10-08T01:42:17.365+09:00  INFO 42522 --- [mulino-ontology] [           main] c.s.c.services.impl.ServiceCatalogImpl   : Registered service OutboxService$InMemory
2026-10-08T01:42:17.366+09:00  INFO 42522 --- [mulino-ontology] [           main] c.s.c.services.impl.ServiceCatalogImpl   : Registered service ApplicationLifecycleService$Default
2026-10-08T01:42:17.366+09:00  INFO 42522 --- [mulino-ontology] [           main] c.s.c.services.impl.ServiceCatalogImpl   : Registered service AuthorizationService$Default
2026-10-08T01:42:17.367+09:00  INFO 42522 --- [mulino-ontology] [           main] c.s.c.services.impl.ServiceCatalogImpl   : Registered service TenantProviderService$Default
2026-10-08T01:42:17.368+09:00  INFO 42522 --- [mulino-ontology] [           main] c.s.c.services.impl.ServiceCatalogImpl   : Registered service DeploymentService$Default
2026-10-08T01:42:17.370+09:00  INFO 42522 --- [mulino-ontology] [           main] c.s.c.services.impl.ServiceCatalogImpl   : Registered service AuditLogService$Default
2026-10-08T01:42:17.377+09:00  INFO 42522 --- [mulino-ontology] [           main] c.s.c.services.impl.ServiceCatalogImpl   : Registered service PlatformService
2026-10-08T01:42:17.378+09:00  INFO 42522 --- [mulino-ontology] [           main] .s.c.r.CdsRuntimeBeanDefinitionRegistrar : Found 'spring.datasource.url' configuration: Auto-configuration of DataSource beans is disabled.
2026-10-08T01:42:17.812+09:00  INFO 42522 --- [mulino-ontology] [           main] o.s.boot.tomcat.TomcatWebServer          : Tomcat initialized with port 8080 (http)
2026-10-08T01:42:17.819+09:00  INFO 42522 --- [mulino-ontology] [           main] o.apache.catalina.core.StandardService   : Starting service [Tomcat]
2026-10-08T01:42:17.820+09:00  INFO 42522 --- [mulino-ontology] [           main] o.apache.catalina.core.StandardEngine    : Starting Servlet engine: [Apache Tomcat/11.0.24]
2026-10-08T01:42:17.833+09:00  INFO 42522 --- [mulino-ontology] [           main] b.w.c.s.WebApplicationContextInitializer : Root WebApplicationContext: initialization completed in 904 ms
2026-10-08T01:42:18.004+09:00  INFO 42522 --- [mulino-ontology] [           main] com.zaxxer.hikari.HikariDataSource       : HikariPool-1 - Starting...
2026-10-08T01:42:18.121+09:00  INFO 42522 --- [mulino-ontology] [           main] com.zaxxer.hikari.pool.HikariPool        : HikariPool-1 - Added connection org.postgresql.jdbc.PgConnection@28831d69
2026-10-08T01:42:18.122+09:00  INFO 42522 --- [mulino-ontology] [           main] com.zaxxer.hikari.HikariDataSource       : HikariPool-1 - Start completed.
2026-10-08T01:42:18.143+09:00  INFO 42522 --- [mulino-ontology] [           main] org.flywaydb.core.FlywayExecutor         : Database: jdbc:postgresql://127.0.0.1:32768/ontology (PostgreSQL 18.6)
2026-10-08T01:42:18.205+09:00  INFO 42522 --- [mulino-ontology] [           main] o.f.core.internal.command.DbValidate     : Successfully validated 2 migrations (execution time 00:00.022s)
2026-10-08T01:42:18.231+09:00  INFO 42522 --- [mulino-ontology] [           main] o.f.core.internal.command.DbMigrate      : Current version of schema "public": 2
2026-10-08T01:42:18.232+09:00  INFO 42522 --- [mulino-ontology] [           main] o.f.core.internal.command.DbMigrate      : Schema "public" is up to date. No migration necessary.
2026-10-08T01:42:18.255+09:00  INFO 42522 --- [mulino-ontology] [           main] c.s.c.services.impl.ServiceCatalogImpl   : Registered service PersistenceService$Default
2026-10-08T01:42:18.454+09:00  INFO 42522 --- [mulino-ontology] [           main] c.s.c.f.s.c.adapter.AdapterBeanFactory   : Servlet CdsODataV4Servlet mapped to /odata/v4
2026-10-08T01:42:18.456+09:00  INFO 42522 --- [mulino-ontology] [           main] c.s.c.f.s.c.adapter.AdapterBeanFactory   : Servlet IndexPageServlet mapped to /
2026-10-08T01:42:18.458+09:00  INFO 42522 --- [mulino-ontology] [           main] c.s.c.f.s.c.adapter.AdapterBeanFactory   : Servlet CdsFioriPreviewServlet mapped to /$fiori-preview
2026-10-08T01:42:18.577+09:00  INFO 42522 --- [mulino-ontology] [           main] c.s.c.s.impl.runtime.CdsRuntimeImpl      : Registered handler class com.mulino.adapters.PlatformCap
2026-10-08T01:42:18.592+09:00  INFO 42522 --- [mulino-ontology] [           main] .s.c.a.o.v.m.p.EdmxProviderConfiguration : Initialized Default EDMX V4 Provider
2026-10-08T01:42:18.593+09:00  INFO 42522 --- [mulino-ontology] [           main] .s.c.a.o.v.m.p.EdmxProviderConfiguration : Initialized Default EDMX I18n Provider
2026-10-08T01:42:18.616+09:00  INFO 42522 --- [mulino-ontology] [           main] c.s.c.s.impl.runtime.CdsRuntimeImpl      : Registered provider class com.mulino.domain.identity.CapIdentityProvider for CdsProvider com.sap.cds.services.runtime.UserInfoProvider
2026-10-08T01:42:18.619+09:00  INFO 42522 --- [mulino-ontology] [           main] c.sap.cds.services.impl.utils.BuildInfo  : git.commit.id: 1f282829429207a6719a6da418f061b6112a51a8
2026-10-08T01:42:18.619+09:00  INFO 42522 --- [mulino-ontology] [           main] c.sap.cds.services.impl.utils.BuildInfo  : maven.version: 5.1.1
2026-10-08T01:42:18.633+09:00  WARN 42522 --- [mulino-ontology] [           main] o.s.core.annotation.MergedAnnotation     : Failed to introspect meta-annotation @ConditionalOnMissingBean on public static org.springframework.beans.factory.config.BeanPostProcessor com.sap.cds.framework.spring.config.runtime.SqliteInitializerConfiguration.sqliteDataSourceInitializer(): java.lang.TypeNotPresentException: Type com.sap.cds.feature.mt.lib.runtime.TenantAwareDataSource not present
2026-10-08T01:42:18.679+09:00  INFO 42522 --- [mulino-ontology] [           main] o.s.boot.tomcat.TomcatWebServer          : Tomcat started on port 8080 (http) with context path '/'
2026-10-08T01:42:18.680+09:00  INFO 42522 --- [mulino-ontology] [           main] f.s.c.r.IndexPageLinkLoggerConfiguration : CAP Index Page served at http://localhost:8080/
2026-10-08T01:42:18.689+09:00  INFO 42522 --- [mulino-ontology] [           main] com.mulino.OntologyApplication           : Started OntologyApplication in 2.104 seconds (process running for 2.399)
2026-10-08T01:42:26.600+09:00  INFO 42522 --- [mulino-ontology] [nio-8080-exec-1] o.a.c.c.C.[Tomcat].[localhost].[/]       : Initializing Spring DispatcherServlet 'dispatcherServlet'
2026-10-08T01:42:26.600+09:00  INFO 42522 --- [mulino-ontology] [nio-8080-exec-1] o.s.web.servlet.DispatcherServlet        : Initializing Servlet 'dispatcherServlet'
2026-10-08T01:42:26.600+09:00  INFO 42522 --- [mulino-ontology] [nio-8080-exec-1] o.s.web.servlet.DispatcherServlet        : Completed initialization in 0 ms
2026-10-08T01:42:26.803+09:00  INFO 42522 --- [mulino-ontology] [nio-8080-exec-9] c.s.c.s.u.t.TraceTreeSpanProcessor       : elapsed times (trace db917e7a...):     0.00 →   42.91 =   42.91 ms  CQN SELECT Scopes
2026-10-08T01:42:26.808+09:00  INFO 42522 --- [mulino-ontology] [nio-8080-exec-9] c.s.c.s.u.t.TraceTreeSpanProcessor       : elapsed times (trace bc26ea63...):     0.00 →    3.58 =    3.58 ms  CQN SELECT Grants
2026-10-08T01:42:26.818+09:00  INFO 42522 --- [mulino-ontology] [io-8080-exec-10] c.s.c.a.odata.v4.metadata.MetadataInfo   : Loading OData V4 metadata for service 'PlatformService'
2026-10-08T01:42:26.922+09:00  INFO 42522 --- [mulino-ontology] [io-8080-exec-10] c.s.c.s.u.t.TraceTreeSpanProcessor       : elapsed times (trace 14c36ef8...):     0.00 →    2.56 =    2.56 ms  CQN SELECT Scopes
2026-10-08T01:42:26.925+09:00  INFO 42522 --- [mulino-ontology] [io-8080-exec-10] c.s.c.s.u.t.TraceTreeSpanProcessor       : elapsed times (trace 4767bf47...):     0.00 →    2.17 =    2.17 ms  CQN SELECT Grants
2026-10-08T01:42:26.949+09:00  INFO 42522 --- [mulino-ontology] [nio-8080-exec-1] c.s.c.s.u.t.TraceTreeSpanProcessor       : elapsed times (trace 49b282f2...):     0.00 →    3.09 =    3.09 ms  CQN SELECT Scopes
2026-10-08T01:42:26.955+09:00  INFO 42522 --- [mulino-ontology] [nio-8080-exec-2] c.s.c.s.u.t.TraceTreeSpanProcessor       : elapsed times (trace 40017775...):     0.00 →    2.56 =    2.56 ms  CQN SELECT Scopes
2026-10-08T01:42:26.957+09:00  INFO 42522 --- [mulino-ontology] [nio-8080-exec-2] c.s.c.s.u.t.TraceTreeSpanProcessor       : elapsed times (trace ed023a10...):     0.00 →    1.75 =    1.75 ms  CQN SELECT Grants
2026-10-08T01:42:26.980+09:00  INFO 42522 --- [mulino-ontology] [nio-8080-exec-3] c.s.c.s.u.t.TraceTreeSpanProcessor       : elapsed times (trace a6d20950...):     0.00 →    2.30 =    2.30 ms  CQN SELECT Scopes
2026-10-08T01:42:26.986+09:00  INFO 42522 --- [mulino-ontology] [nio-8080-exec-4] c.s.c.s.u.t.TraceTreeSpanProcessor       : elapsed times (trace ee1e4ac3...):     0.00 →    1.91 =    1.91 ms  CQN SELECT Scopes
2026-10-08T01:42:26.988+09:00  INFO 42522 --- [mulino-ontology] [nio-8080-exec-4] c.s.c.s.u.t.TraceTreeSpanProcessor       : elapsed times (trace 60ef10c5...):     0.00 →    1.77 =    1.77 ms  CQN SELECT Grants
2026-10-08T01:42:27.015+09:00  INFO 42522 --- [mulino-ontology] [nio-8080-exec-5] c.s.c.s.u.t.TraceTreeSpanProcessor       : elapsed times (trace 68c3d9ad...):     0.00 →    1.85 =    1.85 ms  CQN SELECT Scopes
2026-10-08T01:42:27.017+09:00  INFO 42522 --- [mulino-ontology] [nio-8080-exec-5] c.s.c.s.u.t.TraceTreeSpanProcessor       : elapsed times (trace e8e32d50...):     0.00 →    1.49 =    1.49 ms  CQN SELECT Grants
2026-10-08T01:42:27.022+09:00  INFO 42522 --- [mulino-ontology] [nio-8080-exec-6] c.s.c.s.u.t.TraceTreeSpanProcessor       : elapsed times (trace 3c68e1f1...):     0.00 →    1.44 =    1.44 ms  CQN SELECT Scopes
2026-10-08T01:42:27.024+09:00  INFO 42522 --- [mulino-ontology] [nio-8080-exec-6] c.s.c.s.u.t.TraceTreeSpanProcessor       : elapsed times (trace e60ddbd4...):     0.00 →    1.26 =    1.26 ms  CQN SELECT Grants
2026-10-08T01:42:27.028+09:00  INFO 42522 --- [mulino-ontology] [nio-8080-exec-7] c.s.c.s.u.t.TraceTreeSpanProcessor       : elapsed times (trace 62d50d3e...):     0.00 →    1.19 =    1.19 ms  CQN SELECT Scopes
2026-10-08T01:42:27.030+09:00  INFO 42522 --- [mulino-ontology] [nio-8080-exec-7] c.s.c.s.u.t.TraceTreeSpanProcessor       : elapsed times (trace 001a9e24...):     0.00 →    1.22 =    1.22 ms  CQN SELECT Grants
2026-10-08T01:42:27.035+09:00  INFO 42522 --- [mulino-ontology] [nio-8080-exec-8] c.s.c.s.u.t.TraceTreeSpanProcessor       : elapsed times (trace 89415d29...):     0.00 →    1.16 =    1.16 ms  CQN SELECT Scopes
2026-10-08T01:42:27.037+09:00  INFO 42522 --- [mulino-ontology] [nio-8080-exec-8] c.s.c.s.u.t.TraceTreeSpanProcessor       : elapsed times (trace 01c0b9c7...):     0.00 →    1.11 =    1.11 ms  CQN SELECT Grants
2026-10-08T01:42:27.041+09:00  INFO 42522 --- [mulino-ontology] [nio-8080-exec-9] c.s.c.s.u.t.TraceTreeSpanProcessor       : elapsed times (trace a816ed2d...):     0.00 →    1.23 =    1.23 ms  CQN SELECT Scopes
2026-10-08T01:42:27.042+09:00  INFO 42522 --- [mulino-ontology] [nio-8080-exec-9] c.s.c.s.u.t.TraceTreeSpanProcessor       : elapsed times (trace 75aaef70...):     0.00 →    1.17 =    1.17 ms  CQN SELECT Grants
2026-10-08T01:42:27.046+09:00  INFO 42522 --- [mulino-ontology] [io-8080-exec-10] c.s.c.s.u.t.TraceTreeSpanProcessor       : elapsed times (trace f2d013d8...):     0.00 →    1.23 =    1.23 ms  CQN SELECT Scopes
2026-10-08T01:42:27.048+09:00  INFO 42522 --- [mulino-ontology] [io-8080-exec-10] c.s.c.s.u.t.TraceTreeSpanProcessor       : elapsed times (trace 19ffbf49...):     0.00 →    1.42 =    1.42 ms  CQN SELECT Grants
2026-10-08T01:42:27.054+09:00  INFO 42522 --- [mulino-ontology] [nio-8080-exec-1] c.s.c.s.u.t.TraceTreeSpanProcessor       : elapsed times (trace 4c2a1676...):     0.00 →    1.13 =    1.13 ms  CQN SELECT Scopes
2026-10-08T01:42:27.056+09:00  INFO 42522 --- [mulino-ontology] [nio-8080-exec-1] c.s.c.s.u.t.TraceTreeSpanProcessor       : elapsed times (trace fe41fb2b...):     0.00 →    1.06 =    1.06 ms  CQN SELECT Grants
2026-10-08T01:42:27.060+09:00  INFO 42522 --- [mulino-ontology] [nio-8080-exec-2] c.s.c.s.u.t.TraceTreeSpanProcessor       : elapsed times (trace e45968b7...):     0.00 →    1.16 =    1.16 ms  CQN SELECT Scopes
2026-10-08T01:42:27.062+09:00  INFO 42522 --- [mulino-ontology] [nio-8080-exec-2] c.s.c.s.u.t.TraceTreeSpanProcessor       : elapsed times (trace c2ba45f3...):     0.00 →    1.20 =    1.20 ms  CQN SELECT Grants
2026-10-08T01:42:27.067+09:00  INFO 42522 --- [mulino-ontology] [nio-8080-exec-5] c.s.c.s.u.t.TraceTreeSpanProcessor       : elapsed times (trace a3db1520...):     0.00 →    1.25 =    1.25 ms  CQN SELECT Scopes
2026-10-08T01:42:27.069+09:00  INFO 42522 --- [mulino-ontology] [nio-8080-exec-5] c.s.c.s.u.t.TraceTreeSpanProcessor       : elapsed times (trace 144d5838...):     0.00 →    1.23 =    1.23 ms  CQN SELECT Grants
2026-10-08T01:42:27.089+09:00  INFO 42522 --- [mulino-ontology] [nio-8080-exec-6] c.s.c.s.u.t.TraceTreeSpanProcessor       : elapsed times (trace a546deab...):     0.00 →    1.38 =    1.38 ms  CQN SELECT Scopes
2026-10-08T01:42:27.091+09:00  INFO 42522 --- [mulino-ontology] [nio-8080-exec-6] c.s.c.s.u.t.TraceTreeSpanProcessor       : elapsed times (trace 279ca0e2...):     0.00 →    1.22 =    1.22 ms  CQN SELECT Grants
2026-10-08T01:42:27.096+09:00  INFO 42522 --- [mulino-ontology] [nio-8080-exec-6] c.s.c.a.o.v4.processors.CdsProcessor     : Exception marked the ChangeSet 27 as cancelled: Current grant denied (service 'PlatformService', event 'reserve', entity '<no entity>')
2026-10-08T01:42:27.102+09:00  INFO 42522 --- [mulino-ontology] [nio-8080-exec-6] c.s.c.s.i.c.ChangeSetContextImpl         : Rollback only status in member PersistenceService$Default marked the ChangeSet 27 as cancelled
2026-10-08T01:42:27.107+09:00  INFO 42522 --- [mulino-ontology] [nio-8080-exec-7] c.s.c.s.u.t.TraceTreeSpanProcessor       : elapsed times (trace 9b8aa12a...):     0.00 →    1.42 =    1.42 ms  CQN SELECT Scopes
2026-10-08T01:42:27.109+09:00  INFO 42522 --- [mulino-ontology] [nio-8080-exec-7] c.s.c.s.u.t.TraceTreeSpanProcessor       : elapsed times (trace 77064f08...):     0.00 →    1.16 =    1.16 ms  CQN SELECT Grants
2026-10-08T01:42:27.113+09:00  INFO 42522 --- [mulino-ontology] [nio-8080-exec-8] c.s.c.s.u.t.TraceTreeSpanProcessor       : elapsed times (trace ded75b72...):     0.00 →    2.37 =    2.37 ms  CQN SELECT Scopes
2026-10-08T01:42:27.116+09:00  INFO 42522 --- [mulino-ontology] [nio-8080-exec-8] c.s.c.s.u.t.TraceTreeSpanProcessor       : elapsed times (trace d3df788e...):     0.00 →    1.61 =    1.61 ms  CQN SELECT Grants
2026-10-08T01:42:27.125+09:00  INFO 42522 --- [mulino-ontology] [nio-8080-exec-9] c.s.c.s.u.t.TraceTreeSpanProcessor       : elapsed times (trace c9cd65b3...):     0.00 →    1.14 =    1.14 ms  CQN SELECT Scopes
2026-10-08T01:42:27.126+09:00  INFO 42522 --- [mulino-ontology] [nio-8080-exec-9] c.s.c.s.u.t.TraceTreeSpanProcessor       : elapsed times (trace 6daf48c9...):     0.00 →    1.06 =    1.06 ms  CQN SELECT Grants
2026-10-08T01:42:27.134+09:00  INFO 42522 --- [mulino-ontology] [io-8080-exec-10] c.s.c.s.u.t.TraceTreeSpanProcessor       : elapsed times (trace b82af02a...):     0.00 →    1.66 =    1.66 ms  CQN SELECT Scopes
2026-10-08T01:42:27.137+09:00  INFO 42522 --- [mulino-ontology] [io-8080-exec-10] c.s.c.s.u.t.TraceTreeSpanProcessor       : elapsed times (trace d8b67ec0...):     0.00 →    1.77 =    1.77 ms  CQN SELECT Grants
2026-10-08T01:42:27.143+09:00  INFO 42522 --- [mulino-ontology] [nio-8080-exec-1] c.s.c.s.u.t.TraceTreeSpanProcessor       : elapsed times (trace de420ad0...):     0.00 →    1.82 =    1.82 ms  CQN SELECT Scopes
2026-10-08T01:42:27.145+09:00  INFO 42522 --- [mulino-ontology] [nio-8080-exec-1] c.s.c.s.u.t.TraceTreeSpanProcessor       : elapsed times (trace fd37b894...):     0.00 →    1.52 =    1.52 ms  CQN SELECT Grants
2026-10-08T01:42:27.148+09:00  INFO 42522 --- [mulino-ontology] [nio-8080-exec-1] c.s.c.s.u.t.TraceTreeSpanProcessor       : elapsed times (trace 23d21ef7...):     0.00 →    1.96 =    1.96 ms  CQN SELECT Policies
2026-10-08T01:42:27.152+09:00  INFO 42522 --- [mulino-ontology] [nio-8080-exec-1] c.s.c.s.u.t.TraceTreeSpanProcessor       : elapsed times (trace 7db9aa3e...):     0.00 →    2.25 =    2.25 ms  CQN SELECT Restrictions
2026-10-08T01:42:27.156+09:00  INFO 42522 --- [mulino-ontology] [nio-8080-exec-1] c.s.c.s.u.t.TraceTreeSpanProcessor       : elapsed times (trace 5a9f2cd0...):     0.00 →    2.33 =    2.33 ms  CQN SELECT Idempotency
2026-10-08T01:42:27.170+09:00  INFO 42522 --- [mulino-ontology] [nio-8080-exec-1] c.s.c.s.u.t.TraceTreeSpanProcessor       : elapsed times (trace ae71ccc5...):     0.00 →    8.22 =    8.22 ms  CQN UPDATE Scopes
2026-10-08T01:42:27.176+09:00  INFO 42522 --- [mulino-ontology] [nio-8080-exec-1] c.s.c.s.u.t.TraceTreeSpanProcessor       : elapsed times (trace b8bbd487...):     0.00 →    3.86 =    3.86 ms  CQN INSERT Audit
2026-10-08T01:42:27.179+09:00  INFO 42522 --- [mulino-ontology] [nio-8080-exec-1] c.s.c.s.u.t.TraceTreeSpanProcessor       : elapsed times (trace 34749e35...):     0.00 →    2.03 =    2.03 ms  CQN INSERT Outbox
2026-10-08T01:42:27.184+09:00  INFO 42522 --- [mulino-ontology] [nio-8080-exec-1] c.s.c.s.u.t.TraceTreeSpanProcessor       : elapsed times (trace e0d9cec4...):     0.00 →    1.50 =    1.50 ms  CQN INSERT Idempotency
2026-10-08T01:42:27.196+09:00  INFO 42522 --- [mulino-ontology] [nio-8080-exec-2] c.s.c.s.u.t.TraceTreeSpanProcessor       : elapsed times (trace 72315da2...):     0.00 →    1.51 =    1.51 ms  CQN SELECT Scopes
2026-10-08T01:42:27.198+09:00  INFO 42522 --- [mulino-ontology] [nio-8080-exec-2] c.s.c.s.u.t.TraceTreeSpanProcessor       : elapsed times (trace 0172dfd7...):     0.00 →    1.31 =    1.31 ms  CQN SELECT Grants
2026-10-08T01:42:27.199+09:00  INFO 42522 --- [mulino-ontology] [nio-8080-exec-2] c.s.c.s.u.t.TraceTreeSpanProcessor       : elapsed times (trace 43cc1c80...):     0.00 →    1.28 =    1.28 ms  CQN SELECT Policies
2026-10-08T01:42:27.201+09:00  INFO 42522 --- [mulino-ontology] [nio-8080-exec-2] c.s.c.s.u.t.TraceTreeSpanProcessor       : elapsed times (trace 5d69f5ec...):     0.00 →    1.12 =    1.12 ms  CQN SELECT Restrictions
2026-10-08T01:42:27.203+09:00  INFO 42522 --- [mulino-ontology] [nio-8080-exec-2] c.s.c.s.u.t.TraceTreeSpanProcessor       : elapsed times (trace 7643fdc6...):     0.00 →    1.38 =    1.38 ms  CQN SELECT Idempotency
2026-10-08T01:42:27.205+09:00  INFO 42522 --- [mulino-ontology] [nio-8080-exec-2] c.s.c.s.u.t.TraceTreeSpanProcessor       : elapsed times (trace e469811f...):     0.00 →    1.26 =    1.26 ms  CQN UPDATE Scopes
2026-10-08T01:42:27.207+09:00  INFO 42522 --- [mulino-ontology] [nio-8080-exec-2] c.s.c.s.u.t.TraceTreeSpanProcessor       : elapsed times (trace de406d08...):     0.00 →    0.93 =    0.93 ms  CQN INSERT Audit
2026-10-08T01:42:27.208+09:00  INFO 42522 --- [mulino-ontology] [nio-8080-exec-2] c.s.c.s.u.t.TraceTreeSpanProcessor       : elapsed times (trace 25000b75...):     0.00 →    0.81 =    0.81 ms  CQN INSERT Outbox
2026-10-08T01:42:27.210+09:00  INFO 42522 --- [mulino-ontology] [nio-8080-exec-2] c.s.c.s.u.t.TraceTreeSpanProcessor       : elapsed times (trace 4ff5aaaf...):     0.00 →    0.99 =    0.99 ms  CQN INSERT Idempotency
2026-10-08T01:42:27.220+09:00  INFO 42522 --- [mulino-ontology] [nio-8080-exec-3] c.s.c.s.u.t.TraceTreeSpanProcessor       : elapsed times (trace 63065b61...):     0.00 →    1.23 =    1.23 ms  CQN SELECT Scopes
2026-10-08T01:42:27.222+09:00  INFO 42522 --- [mulino-ontology] [nio-8080-exec-3] c.s.c.s.u.t.TraceTreeSpanProcessor       : elapsed times (trace 5294e703...):     0.00 →    1.05 =    1.05 ms  CQN SELECT Grants
2026-10-08T01:42:27.224+09:00  INFO 42522 --- [mulino-ontology] [nio-8080-exec-3] c.s.c.s.u.t.TraceTreeSpanProcessor       : elapsed times (trace f2aa541b...):     0.00 →    0.97 =    0.97 ms  CQN SELECT Policies
2026-10-08T01:42:27.226+09:00  INFO 42522 --- [mulino-ontology] [nio-8080-exec-3] c.s.c.s.u.t.TraceTreeSpanProcessor       : elapsed times (trace 952f3e3a...):     0.00 →    1.48 =    1.48 ms  CQN SELECT Restrictions
2026-10-08T01:42:27.228+09:00  INFO 42522 --- [mulino-ontology] [nio-8080-exec-3] c.s.c.s.u.t.TraceTreeSpanProcessor       : elapsed times (trace df0079b8...):     0.00 →    1.35 =    1.35 ms  CQN SELECT Idempotency
2026-10-08T01:42:27.230+09:00  INFO 42522 --- [mulino-ontology] [nio-8080-exec-3] c.s.c.s.u.t.TraceTreeSpanProcessor       : elapsed times (trace b5841844...):     0.00 →    1.28 =    1.28 ms  CQN UPDATE Scopes
2026-10-08T01:42:27.232+09:00  INFO 42522 --- [mulino-ontology] [nio-8080-exec-3] c.s.c.s.u.t.TraceTreeSpanProcessor       : elapsed times (trace e94ef142...):     0.00 →    0.82 =    0.82 ms  CQN INSERT Audit
2026-10-08T01:42:27.233+09:00  INFO 42522 --- [mulino-ontology] [nio-8080-exec-3] c.s.c.s.u.t.TraceTreeSpanProcessor       : elapsed times (trace 84722ba8...):     0.00 →    0.75 =    0.75 ms  CQN INSERT Outbox
2026-10-08T01:42:27.236+09:00  INFO 42522 --- [mulino-ontology] [nio-8080-exec-3] c.s.c.s.u.t.TraceTreeSpanProcessor       : elapsed times (trace 05377fae...):     0.00 →    0.82 =    0.82 ms  CQN INSERT Idempotency
2026-10-08T01:43:03.630+09:00  INFO 42522 --- [mulino-ontology] [nio-8080-exec-8] c.s.c.s.u.t.TraceTreeSpanProcessor       : elapsed times (trace 64a53c3d...):     0.00 →    2.50 =    2.50 ms  CQN SELECT Scopes
2026-10-08T01:43:03.632+09:00  INFO 42522 --- [mulino-ontology] [nio-8080-exec-8] c.s.c.s.u.t.TraceTreeSpanProcessor       : elapsed times (trace e7d75960...):     0.00 →    1.40 =    1.40 ms  CQN SELECT Grants
2026-10-08T01:43:03.639+09:00  INFO 42522 --- [mulino-ontology] [nio-8080-exec-9] c.s.c.s.u.t.TraceTreeSpanProcessor       : elapsed times (trace c80b85aa...):     0.00 →    1.43 =    1.43 ms  CQN SELECT Scopes
2026-10-08T01:43:03.641+09:00  INFO 42522 --- [mulino-ontology] [nio-8080-exec-9] c.s.c.s.u.t.TraceTreeSpanProcessor       : elapsed times (trace f7118863...):     0.00 →    1.00 =    1.00 ms  CQN SELECT Grants
2026-10-08T01:43:03.643+09:00  INFO 42522 --- [mulino-ontology] [nio-8080-exec-9] c.s.c.s.u.t.TraceTreeSpanProcessor       : elapsed times (trace cab669df...):     0.00 →    1.07 =    1.07 ms  CQN SELECT Policies
2026-10-08T01:43:03.645+09:00  INFO 42522 --- [mulino-ontology] [nio-8080-exec-9] c.s.c.s.u.t.TraceTreeSpanProcessor       : elapsed times (trace 83201278...):     0.00 →    1.24 =    1.24 ms  CQN SELECT Restrictions
2026-10-08T01:43:03.648+09:00  INFO 42522 --- [mulino-ontology] [nio-8080-exec-9] c.s.c.s.u.t.TraceTreeSpanProcessor       : elapsed times (trace 8df82eff...):     0.00 →    1.69 =    1.69 ms  CQN SELECT Idempotency
2026-10-08T01:43:03.650+09:00  INFO 42522 --- [mulino-ontology] [nio-8080-exec-9] c.s.c.s.u.t.TraceTreeSpanProcessor       : elapsed times (trace cf10bbc8...):     0.00 →    1.30 =    1.30 ms  CQN UPDATE Scopes
2026-10-08T01:43:03.652+09:00  INFO 42522 --- [mulino-ontology] [nio-8080-exec-9] c.s.c.s.u.t.TraceTreeSpanProcessor       : elapsed times (trace b10efcc9...):     0.00 →    1.29 =    1.29 ms  CQN INSERT Audit
2026-10-08T01:43:03.654+09:00  INFO 42522 --- [mulino-ontology] [nio-8080-exec-9] c.s.c.s.u.t.TraceTreeSpanProcessor       : elapsed times (trace 7c464b76...):     0.00 →    1.12 =    1.12 ms  CQN INSERT Outbox
2026-10-08T01:43:03.657+09:00  INFO 42522 --- [mulino-ontology] [nio-8080-exec-9] c.s.c.s.u.t.TraceTreeSpanProcessor       : elapsed times (trace 445b1fdd...):     0.00 →    1.27 =    1.27 ms  CQN INSERT Idempotency
2026-10-08T01:43:03.667+09:00  INFO 42522 --- [mulino-ontology] [io-8080-exec-10] c.s.c.s.u.t.TraceTreeSpanProcessor       : elapsed times (trace a0c49d92...):     0.00 →    1.02 =    1.02 ms  CQN SELECT Scopes
2026-10-08T01:43:03.669+09:00  INFO 42522 --- [mulino-ontology] [io-8080-exec-10] c.s.c.s.u.t.TraceTreeSpanProcessor       : elapsed times (trace 44970a73...):     0.00 →    0.96 =    0.96 ms  CQN SELECT Grants
2026-10-08T01:43:03.671+09:00  INFO 42522 --- [mulino-ontology] [io-8080-exec-10] c.s.c.s.u.t.TraceTreeSpanProcessor       : elapsed times (trace c7d006db...):     0.00 →    1.05 =    1.05 ms  CQN SELECT Policies
2026-10-08T01:43:03.672+09:00  INFO 42522 --- [mulino-ontology] [io-8080-exec-10] c.s.c.s.u.t.TraceTreeSpanProcessor       : elapsed times (trace a1249d2c...):     0.00 →    1.02 =    1.02 ms  CQN SELECT Restrictions
2026-10-08T01:43:03.674+09:00  INFO 42522 --- [mulino-ontology] [io-8080-exec-10] c.s.c.s.u.t.TraceTreeSpanProcessor       : elapsed times (trace 1e76588a...):     0.00 →    1.00 =    1.00 ms  CQN SELECT Idempotency
2026-10-08T01:43:03.682+09:00  INFO 42522 --- [mulino-ontology] [nio-8080-exec-1] c.s.c.s.u.t.TraceTreeSpanProcessor       : elapsed times (trace 7ee1a2b4...):     0.00 →    1.86 =    1.86 ms  CQN SELECT Scopes
2026-10-08T01:43:03.684+09:00  INFO 42522 --- [mulino-ontology] [nio-8080-exec-1] c.s.c.s.u.t.TraceTreeSpanProcessor       : elapsed times (trace af31faf9...):     0.00 →    1.45 =    1.45 ms  CQN SELECT Grants
2026-10-08T01:43:03.689+09:00  INFO 42522 --- [mulino-ontology] [nio-8080-exec-2] c.s.c.s.u.t.TraceTreeSpanProcessor       : elapsed times (trace d6b33193...):     0.00 →    1.13 =    1.13 ms  CQN SELECT Scopes
2026-10-08T01:43:03.691+09:00  INFO 42522 --- [mulino-ontology] [nio-8080-exec-2] c.s.c.s.u.t.TraceTreeSpanProcessor       : elapsed times (trace be6626e9...):     0.00 →    1.03 =    1.03 ms  CQN SELECT Grants
2026-10-08T01:43:03.693+09:00  INFO 42522 --- [mulino-ontology] [nio-8080-exec-2] c.s.c.s.u.t.TraceTreeSpanProcessor       : elapsed times (trace 97a80d08...):     0.00 →    0.93 =    0.93 ms  CQN SELECT Policies
2026-10-08T01:43:03.694+09:00  INFO 42522 --- [mulino-ontology] [nio-8080-exec-2] c.s.c.s.u.t.TraceTreeSpanProcessor       : elapsed times (trace dc0b92cf...):     0.00 →    0.89 =    0.89 ms  CQN SELECT Restrictions
2026-10-08T01:43:03.696+09:00  INFO 42522 --- [mulino-ontology] [nio-8080-exec-2] c.s.c.s.u.t.TraceTreeSpanProcessor       : elapsed times (trace 95777ed2...):     0.00 →    0.95 =    0.95 ms  CQN SELECT Idempotency
2026-10-08T01:43:03.704+09:00  WARN 42522 --- [mulino-ontology] [nio-8080-exec-4] .w.s.m.s.DefaultHandlerExceptionResolver : Resolved [org.springframework.web.HttpRequestMethodNotSupportedException: Request method 'GET' is not supported]
2026-10-08T01:43:03.711+09:00  WARN 42522 --- [mulino-ontology] [nio-8080-exec-6] .w.s.m.s.DefaultHandlerExceptionResolver : Resolved [org.springframework.web.HttpRequestMethodNotSupportedException: Request method 'DELETE' is not supported]
2026-10-08T01:43:03.734+09:00  INFO 42522 --- [mulino-ontology] [nio-8080-exec-6] c.s.c.s.u.t.TraceTreeSpanProcessor       : elapsed times (trace abbadc67...):     0.00 →    2.00 =    2.00 ms  CQN SELECT Scopes
2026-10-08T01:43:03.736+09:00  INFO 42522 --- [mulino-ontology] [nio-8080-exec-6] c.s.c.s.u.t.TraceTreeSpanProcessor       : elapsed times (trace e4f7cbc1...):     0.00 →    1.30 =    1.30 ms  CQN SELECT Grants
2026-10-08T01:43:03.747+09:00  WARN 42522 --- [mulino-ontology] [nio-8080-exec-1] .w.s.m.s.DefaultHandlerExceptionResolver : Resolved [org.springframework.web.HttpMediaTypeNotSupportedException: Content-Type 'text/plain' is not supported]
2026-10-08T01:43:03.752+09:00  WARN 42522 --- [mulino-ontology] [nio-8080-exec-3] .w.s.m.s.DefaultHandlerExceptionResolver : Resolved [org.springframework.http.converter.HttpMessageNotReadableException: JSON parse error: Unexpected end-of-input: expected close marker for Object (start marker at [Source: REDACTED (`StreamReadFeature.INCLUDE_SOURCE_IN_LOCATION` disabled); byte offset: #UNKNOWN])]
2026-10-08T01:43:03.755+09:00  WARN 42522 --- [mulino-ontology] [nio-8080-exec-5] .w.s.m.s.DefaultHandlerExceptionResolver : Resolved [org.springframework.http.converter.HttpMessageNotReadableException: JSON parse error: Cannot deserialize value of type `java.util.LinkedHashMap<java.lang.String,java.lang.Object>` from Array value (token `JsonToken.START_ARRAY`)]
2026-10-08T01:44:20.110+09:00  INFO 42522 --- [mulino-ontology] [nio-8080-exec-7] c.s.c.s.u.t.TraceTreeSpanProcessor       : elapsed times (trace 9589c0f1...):     0.00 →    2.23 =    2.23 ms  CQN SELECT Scopes
2026-10-08T01:44:20.112+09:00  INFO 42522 --- [mulino-ontology] [nio-8080-exec-7] c.s.c.s.u.t.TraceTreeSpanProcessor       : elapsed times (trace 5177d0d6...):     0.00 →    1.41 =    1.41 ms  CQN SELECT Grants
2026-10-08T01:44:20.120+09:00  INFO 42522 --- [mulino-ontology] [nio-8080-exec-8] c.s.c.s.u.t.TraceTreeSpanProcessor       : elapsed times (trace 20597b51...):     0.00 →    1.14 =    1.14 ms  CQN SELECT Scopes
2026-10-08T01:44:20.122+09:00  INFO 42522 --- [mulino-ontology] [nio-8080-exec-8] c.s.c.s.u.t.TraceTreeSpanProcessor       : elapsed times (trace 21968b51...):     0.00 →    1.34 =    1.34 ms  CQN SELECT Grants
2026-10-08T01:44:20.124+09:00  INFO 42522 --- [mulino-ontology] [nio-8080-exec-8] c.s.c.s.u.t.TraceTreeSpanProcessor       : elapsed times (trace 4d0122e6...):     0.00 →    1.03 =    1.03 ms  CQN SELECT Policies
2026-10-08T01:44:20.126+09:00  INFO 42522 --- [mulino-ontology] [nio-8080-exec-8] c.s.c.s.u.t.TraceTreeSpanProcessor       : elapsed times (trace 3e50c33e...):     0.00 →    0.94 =    0.94 ms  CQN SELECT Restrictions
2026-10-08T01:44:20.127+09:00  INFO 42522 --- [mulino-ontology] [nio-8080-exec-8] c.s.c.s.u.t.TraceTreeSpanProcessor       : elapsed times (trace 921a27f7...):     0.00 →    1.01 =    1.01 ms  CQN SELECT Idempotency
2026-10-08T01:44:20.130+09:00  INFO 42522 --- [mulino-ontology] [nio-8080-exec-8] c.s.c.s.u.t.TraceTreeSpanProcessor       : elapsed times (trace 058b4d9c...):     0.00 →    1.28 =    1.28 ms  CQN UPDATE Scopes
2026-10-08T01:44:20.131+09:00  INFO 42522 --- [mulino-ontology] [nio-8080-exec-8] c.s.c.s.u.t.TraceTreeSpanProcessor       : elapsed times (trace b7ee905c...):     0.00 →    0.94 =    0.94 ms  CQN INSERT Audit
2026-10-08T01:44:20.133+09:00  INFO 42522 --- [mulino-ontology] [nio-8080-exec-8] c.s.c.s.u.t.TraceTreeSpanProcessor       : elapsed times (trace 75ac88a8...):     0.00 →    0.86 =    0.86 ms  CQN INSERT Outbox
2026-10-08T01:44:20.135+09:00  INFO 42522 --- [mulino-ontology] [nio-8080-exec-8] c.s.c.s.u.t.TraceTreeSpanProcessor       : elapsed times (trace 6ce1375a...):     0.00 →    0.88 =    0.88 ms  CQN INSERT Idempotency
2026-10-08T01:44:20.146+09:00  INFO 42522 --- [mulino-ontology] [nio-8080-exec-9] c.s.c.s.u.t.TraceTreeSpanProcessor       : elapsed times (trace 1662c3ab...):     0.00 →    1.26 =    1.26 ms  CQN SELECT Scopes
2026-10-08T01:44:20.148+09:00  INFO 42522 --- [mulino-ontology] [nio-8080-exec-9] c.s.c.s.u.t.TraceTreeSpanProcessor       : elapsed times (trace ca8fdf02...):     0.00 →    1.13 =    1.13 ms  CQN SELECT Grants
2026-10-08T01:44:20.150+09:00  INFO 42522 --- [mulino-ontology] [nio-8080-exec-9] c.s.c.s.u.t.TraceTreeSpanProcessor       : elapsed times (trace d4ba3a36...):     0.00 →    1.07 =    1.07 ms  CQN SELECT Policies
2026-10-08T01:44:20.152+09:00  INFO 42522 --- [mulino-ontology] [nio-8080-exec-9] c.s.c.s.u.t.TraceTreeSpanProcessor       : elapsed times (trace ada5a17e...):     0.00 →    0.94 =    0.94 ms  CQN SELECT Restrictions
2026-10-08T01:44:20.154+09:00  INFO 42522 --- [mulino-ontology] [nio-8080-exec-9] c.s.c.s.u.t.TraceTreeSpanProcessor       : elapsed times (trace 786e58c2...):     0.00 →    1.22 =    1.22 ms  CQN SELECT Idempotency
2026-10-08T01:44:20.161+09:00  INFO 42522 --- [mulino-ontology] [io-8080-exec-10] c.s.c.s.u.t.TraceTreeSpanProcessor       : elapsed times (trace 8c47df14...):     0.00 →    1.64 =    1.64 ms  CQN SELECT Scopes
2026-10-08T01:44:20.163+09:00  INFO 42522 --- [mulino-ontology] [io-8080-exec-10] c.s.c.s.u.t.TraceTreeSpanProcessor       : elapsed times (trace 03d730de...):     0.00 →    1.12 =    1.12 ms  CQN SELECT Grants
2026-10-08T01:44:20.168+09:00  INFO 42522 --- [mulino-ontology] [nio-8080-exec-1] c.s.c.s.u.t.TraceTreeSpanProcessor       : elapsed times (trace ce672ae0...):     0.00 →    0.91 =    0.91 ms  CQN SELECT Scopes
2026-10-08T01:44:20.169+09:00  INFO 42522 --- [mulino-ontology] [nio-8080-exec-1] c.s.c.s.u.t.TraceTreeSpanProcessor       : elapsed times (trace dfacae5d...):     0.00 →    0.89 =    0.89 ms  CQN SELECT Grants
2026-10-08T01:44:20.171+09:00  INFO 42522 --- [mulino-ontology] [nio-8080-exec-1] c.s.c.s.u.t.TraceTreeSpanProcessor       : elapsed times (trace 42ebc903...):     0.00 →    1.12 =    1.12 ms  CQN SELECT Policies
2026-10-08T01:44:20.173+09:00  INFO 42522 --- [mulino-ontology] [nio-8080-exec-1] c.s.c.s.u.t.TraceTreeSpanProcessor       : elapsed times (trace c8b14fb4...):     0.00 →    1.01 =    1.01 ms  CQN SELECT Restrictions
2026-10-08T01:44:20.175+09:00  INFO 42522 --- [mulino-ontology] [nio-8080-exec-1] c.s.c.s.u.t.TraceTreeSpanProcessor       : elapsed times (trace 36fce92f...):     0.00 →    1.12 =    1.12 ms  CQN SELECT Idempotency
2026-10-08T01:44:20.181+09:00  WARN 42522 --- [mulino-ontology] [nio-8080-exec-5] .w.s.m.s.DefaultHandlerExceptionResolver : Resolved [org.springframework.web.HttpRequestMethodNotSupportedException: Request method 'GET' is not supported]
2026-10-08T01:44:20.183+09:00  WARN 42522 --- [mulino-ontology] [nio-8080-exec-4] .w.s.m.s.DefaultHandlerExceptionResolver : Resolved [org.springframework.web.HttpRequestMethodNotSupportedException: Request method 'DELETE' is not supported]
2026-10-08T01:44:20.203+09:00  INFO 42522 --- [mulino-ontology] [nio-8080-exec-4] c.s.c.s.u.t.TraceTreeSpanProcessor       : elapsed times (trace 5b97312e...):     0.00 →    1.89 =    1.89 ms  CQN SELECT Scopes
2026-10-08T01:44:20.205+09:00  INFO 42522 --- [mulino-ontology] [nio-8080-exec-4] c.s.c.s.u.t.TraceTreeSpanProcessor       : elapsed times (trace 0df09b29...):     0.00 →    1.47 =    1.47 ms  CQN SELECT Grants
2026-10-08T01:44:20.214+09:00  WARN 42522 --- [mulino-ontology] [io-8080-exec-10] .w.s.m.s.DefaultHandlerExceptionResolver : Resolved [org.springframework.web.HttpMediaTypeNotSupportedException: Content-Type 'text/plain' is not supported]
2026-10-08T01:44:20.217+09:00  WARN 42522 --- [mulino-ontology] [nio-8080-exec-2] .w.s.m.s.DefaultHandlerExceptionResolver : Resolved [org.springframework.http.converter.HttpMessageNotReadableException: JSON parse error: Unexpected end-of-input: expected close marker for Object (start marker at [Source: REDACTED (`StreamReadFeature.INCLUDE_SOURCE_IN_LOCATION` disabled); byte offset: #UNKNOWN])]
2026-10-08T01:44:20.219+09:00  WARN 42522 --- [mulino-ontology] [nio-8080-exec-3] .w.s.m.s.DefaultHandlerExceptionResolver : Resolved [org.springframework.http.converter.HttpMessageNotReadableException: JSON parse error: Cannot deserialize value of type `java.util.LinkedHashMap<java.lang.String,java.lang.Object>` from Array value (token `JsonToken.START_ARRAY`)]
